Watching for file changes with StatReloader
Waiting for apps ready_event.
Apps ready_event triggered. Sending autoreload_started signal.
Watching dir C:\Users\yanzi\OneDrive\Desktop\作業\大二\Webp2026\ex0\locale with glob **/*.mo.
(0.000) 
            SELECT name, type FROM sqlite_master
            WHERE type in ('table', 'view') AND NOT name='sqlite_sequence'
            ORDER BY name; args=None; alias=default
File C:\Users\yanzi\OneDrive\Desktop\作業\大二\Webp2026\env01\Lib\site-packages\django\db\models\sql\datastructures.py first seen with mtime 1772629500.3725226
File C:\Users\yanzi\AppData\Local\Python\pythoncore-3.14-64\Lib\importlib\__init__.py first seen with mtime 1772607852.8503766
File C:\Users\yanzi\AppData\Local\Python\pythoncore-3.14-64\Lib\traceback.py first seen with mtime 1772607852.6842813
File C:\Users\yanzi\OneDrive\Desktop\作業\大二\Webp2026\env01\Lib\site-packages\django\contrib\contenttypes\admin.py first seen with mtime 1772629498.814597
File C:\Users\yanzi\AppData\Local\Python\pythoncore-3.14-64\Lib\struct.py first seen with mtime 1772607852.6782296
File C:\Users\yanzi\OneDrive\Desktop\作業\大二\Webp2026\env01\Lib\site-packages\django\contrib\auth\forms.py first seen with mtime 1772629498.6261222
File C:\Users\yanzi\OneDrive\Desktop\作業\大二\Webp2026\env01\Lib\site-packages\django\core\serializers\__init__.py first seen with mtime 1772629500.3041694
File C:\Users\yanzi\OneDrive\Desktop\作業\大二\Webp2026\env01\Lib\site-packages\django\http\multipartparser.py first seen with mtime 1772629500.4348435
File C:\Users\yanzi\AppData\Local\Python\pythoncore-3.14-64\Lib\glob.py first seen with mtime 1772607852.639333
File C:\Users\yanzi\OneDrive\Desktop\作業\大二\Webp2026\env01\Lib\site-packages\django\core\exceptions.py first seen with mtime 1772629500.2501369
File C:\Users\yanzi\AppData\Local\Python\pythoncore-3.14-64\Lib\enum.py first seen with mtime 1772607852.6299372
File C:\Users\yanzi\OneDrive\Desktop\作業\大二\Webp2026\env01\Lib\site-packages\django\contrib\admin\templatetags\__init__.py first seen with mtime 1772629498.3749337
File C:\Users\yanzi\OneDrive\Desktop\作業\大二\Webp2026\env01\Lib\site-packages\django\db\backends\sqlite3\base.py first seen with mtime 1772629500.3383255
File C:\Users\yanzi\AppData\Local\Python\pythoncore-3.14-64\Lib\lzma.py first seen with mtime 1772607852.6434062
File C:\Users\yanzi\OneDrive\Desktop\作業\大二\Webp2026\env01\Lib\site-packages\django\db\backends\base\base.py first seen with mtime 1772629500.3133116
File C:\Users\yanzi\OneDrive\Desktop\作業\大二\Webp2026\env01\Lib\site-packages\django\contrib\contenttypes\management\__init__.py first seen with mtime 1772629498.9733796
File C:\Users\yanzi\OneDrive\Desktop\作業\大二\Webp2026\env01\Lib\site-packages\django\core\checks\model_checks.py first seen with mtime 1772629500.2621963
File C:\Users\yanzi\AppData\Local\Python\pythoncore-3.14-64\Lib\uuid.py first seen with mtime 1772607852.6842813
File C:\Users\yanzi\OneDrive\Desktop\作業\大二\Webp2026\env01\Lib\site-packages\django\contrib\messages\__init__.py first seen with mtime 1772629499.537847
File C:\Users\yanzi\OneDrive\Desktop\作業\大二\Webp2026\env01\Lib\site-packages\django\db\migrations\operations\base.py first seen with mtime 1772629500.3504622
File C:\Users\yanzi\AppData\Local\Python\pythoncore-3.14-64\Lib\ctypes\_layout.py first seen with mtime 1772607852.734066
File C:\Users\yanzi\OneDrive\Desktop\作業\大二\Webp2026\env01\Lib\site-packages\django\views\decorators\common.py first seen with mtime 1772629500.515942
File C:\Users\yanzi\OneDrive\Desktop\作業\大二\Webp2026\env01\Lib\site-packages\django\db\models\functions\__init__.py first seen with mtime 1772629500.3690517
File C:\Users\yanzi\OneDrive\Desktop\作業\大二\Webp2026\env01\Lib\site-packages\django\db\models\fields\files.py first seen with mtime 1772629500.3637547
File C:\Users\yanzi\OneDrive\Desktop\作業\大二\Webp2026\env01\Lib\site-packages\django\views\static.py first seen with mtime 1772629500.512931
File C:\Users\yanzi\OneDrive\Desktop\作業\大二\Webp2026\env01\Lib\site-packages\django\contrib\auth\__init__.py first seen with mtime 1772629498.6196373
File C:\Users\yanzi\AppData\Local\Python\pythoncore-3.14-64\Lib\locale.py first seen with mtime 1772607852.6434062
File C:\Users\yanzi\AppData\Local\Python\pythoncore-3.14-64\Lib\bisect.py first seen with mtime 1772607852.6184626
File C:\Users\yanzi\OneDrive\Desktop\作業\大二\Webp2026\env01\Lib\site-packages\django\template\loader_tags.py first seen with mtime 1772629500.46084
File C:\Users\yanzi\OneDrive\Desktop\作業\大二\Webp2026\env01\Lib\site-packages\django\db\models\expressions.py first seen with mtime 1772629500.356568
File C:\Users\yanzi\AppData\Local\Python\pythoncore-3.14-64\Lib\logging\handlers.py first seen with mtime 1772607852.857439
File C:\Users\yanzi\AppData\Local\Python\pythoncore-3.14-64\Lib\weakref.py first seen with mtime 1772607852.6928904
File C:\Users\yanzi\AppData\Local\Python\pythoncore-3.14-64\Lib\textwrap.py first seen with mtime 1772607852.6802354
File C:\Users\yanzi\AppData\Local\Python\pythoncore-3.14-64\Lib\numbers.py first seen with mtime 1772607852.6525269
File C:\Users\yanzi\AppData\Local\Python\pythoncore-3.14-64\Lib\_markupbase.py first seen with mtime 1772607852.6941345
File C:\Users\yanzi\AppData\Local\Python\pythoncore-3.14-64\Lib\asyncio\base_subprocess.py first seen with mtime 1772607852.7090423
File C:\Users\yanzi\OneDrive\Desktop\作業\大二\Webp2026\env01\Lib\site-packages\django\utils\module_loading.py first seen with mtime 1772629500.5013201
File C:\Users\yanzi\OneDrive\Desktop\作業\大二\Webp2026\ex0\manage.py first seen with mtime 1772629532.9708028
File C:\Users\yanzi\OneDrive\Desktop\作業\大二\Webp2026\env01\Lib\site-packages\django\db\migrations\migration.py first seen with mtime 1772629500.3444319
File C:\Users\yanzi\OneDrive\Desktop\作業\大二\Webp2026\env01\Lib\site-packages\django\views\generic\base.py first seen with mtime 1772629500.5184503
File C:\Users\yanzi\AppData\Local\Python\pythoncore-3.14-64\Lib\concurrent\futures\__init__.py first seen with mtime 1772607853.0513446
File C:\Users\yanzi\OneDrive\Desktop\作業\大二\Webp2026\env01\Lib\site-packages\django\contrib\auth\templatetags\__init__.py first seen with mtime 1772629498.812544
File C:\Users\yanzi\OneDrive\Desktop\作業\大二\Webp2026\env01\Lib\site-packages\django\dispatch\dispatcher.py first seen with mtime 1772629500.375538
File C:\Users\yanzi\AppData\Local\Python\pythoncore-3.14-64\Lib\email\contentmanager.py first seen with mtime 1772607852.7448988
File C:\Users\yanzi\OneDrive\Desktop\作業\大二\Webp2026\env01\Lib\site-packages\django\db\models\functions\comparison.py first seen with mtime 1772629500.3690517
File C:\Users\yanzi\OneDrive\Desktop\作業\大二\Webp2026\env01\Lib\site-packages\django\utils\autoreload.py first seen with mtime 1772629500.484925
File C:\Users\yanzi\OneDrive\Desktop\作業\大二\Webp2026\env01\Lib\site-packages\django\core\files\storage\handler.py first seen with mtime 1772629500.277963
File C:\Users\yanzi\OneDrive\Desktop\作業\大二\Webp2026\env01\Lib\site-packages\django\core\checks\security\__init__.py first seen with mtime 1772629500.265834
File C:\Users\yanzi\AppData\Local\Python\pythoncore-3.14-64\Lib\threading.py first seen with mtime 1772607852.6842813
File C:\Users\yanzi\OneDrive\Desktop\作業\大二\Webp2026\env01\Lib\site-packages\django\contrib\auth\decorators.py first seen with mtime 1772629498.625098
File C:\Users\yanzi\AppData\Local\Python\pythoncore-3.14-64\Lib\urllib\parse.py first seen with mtime 1772607853.0283785
File C:\Users\yanzi\OneDrive\Desktop\作業\大二\Webp2026\env01\Lib\site-packages\django\templatetags\l10n.py first seen with mtime 1772629500.4725235
File C:\Users\yanzi\OneDrive\Desktop\作業\大二\Webp2026\env01\Lib\site-packages\django\db\migrations\__init__.py first seen with mtime 1772629500.341416
File C:\Users\yanzi\OneDrive\Desktop\作業\大二\Webp2026\env01\Lib\site-packages\django\db\backends\sqlite3\schema.py first seen with mtime 1772629500.341416
File C:\Users\yanzi\OneDrive\Desktop\作業\大二\Webp2026\env01\Lib\site-packages\django\contrib\admin\templatetags\base.py first seen with mtime 1772629498.3779483
File C:\Users\yanzi\OneDrive\Desktop\作業\大二\Webp2026\env01\Lib\site-packages\django\core\handlers\asgi.py first seen with mtime 1772629500.2809644
File C:\Users\yanzi\OneDrive\Desktop\作業\大二\Webp2026\env01\Lib\site-packages\asgiref\current_thread_executor.py first seen with mtime 1772629497.5870583
File C:\Users\yanzi\AppData\Local\Python\pythoncore-3.14-64\Lib\asyncio\exceptions.py first seen with mtime 1772607852.7144537
File C:\Users\yanzi\AppData\Local\Python\pythoncore-3.14-64\DLLs\_socket.pyd first seen with mtime 1772607852.5697355
File C:\Users\yanzi\OneDrive\Desktop\作業\大二\Webp2026\env01\Lib\site-packages\django\contrib\staticfiles\handlers.py first seen with mtime 1772629500.2405694
File C:\Users\yanzi\OneDrive\Desktop\作業\大二\Webp2026\env01\Lib\site-packages\django\templatetags\cache.py first seen with mtime 1772629500.4725235
File C:\Users\yanzi\OneDrive\Desktop\作業\大二\Webp2026\env01\Lib\site-packages\django\db\models\functions\math.py first seen with mtime 1772629500.3690517
File C:\Users\yanzi\OneDrive\Desktop\作業\大二\Webp2026\env01\Lib\site-packages\django\utils\html.py first seen with mtime 1772629500.4972134
File C:\Users\yanzi\AppData\Local\Python\pythoncore-3.14-64\Lib\collections\__init__.py first seen with mtime 1772607852.731027
File C:\Users\yanzi\OneDrive\Desktop\作業\大二\Webp2026\env01\Lib\site-packages\django\views\decorators\debug.py first seen with mtime 1772629500.515942
File C:\Users\yanzi\AppData\Local\Python\pythoncore-3.14-64\Lib\asyncio\coroutines.py first seen with mtime 1772607852.7132394
File C:\Users\yanzi\OneDrive\Desktop\作業\大二\Webp2026\env01\Lib\site-packages\django\contrib\contenttypes\forms.py first seen with mtime 1772629498.8166158
File C:\Users\yanzi\AppData\Local\Python\pythoncore-3.14-64\Lib\email\feedparser.py first seen with mtime 1772607852.7459655
File C:\Users\yanzi\OneDrive\Desktop\作業\大二\Webp2026\env01\Lib\site-packages\django\core\handlers\base.py first seen with mtime 1772629500.2809644
File C:\Users\yanzi\OneDrive\Desktop\作業\大二\Webp2026\env01\Lib\site-packages\django\contrib\admin\models.py first seen with mtime 1772629497.932696
File C:\Users\yanzi\OneDrive\Desktop\作業\大二\Webp2026\env01\Lib\site-packages\django\core\files\images.py first seen with mtime 1772629500.2719553
File C:\Users\yanzi\OneDrive\Desktop\作業\大二\Webp2026\env01\Lib\site-packages\django\core\files\storage\base.py first seen with mtime 1772629500.2769618
File C:\Users\yanzi\OneDrive\Desktop\作業\大二\Webp2026\env01\Lib\site-packages\django\db\migrations\operations\special.py first seen with mtime 1772629500.3504622
File C:\Users\yanzi\OneDrive\Desktop\作業\大二\Webp2026\env01\Lib\site-packages\django\db\migrations\utils.py first seen with mtime 1772629500.3474486
File C:\Users\yanzi\OneDrive\Desktop\作業\大二\Webp2026\env01\Lib\site-packages\django\contrib\sessions\models.py first seen with mtime 1772629499.888013
File C:\Users\yanzi\OneDrive\Desktop\作業\大二\Webp2026\env01\Lib\site-packages\django\utils\choices.py first seen with mtime 1772629500.4879398
File C:\Users\yanzi\AppData\Local\Python\pythoncore-3.14-64\Lib\asyncio\trsock.py first seen with mtime 1772607852.7256322
File C:\Users\yanzi\AppData\Local\Python\pythoncore-3.14-64\Lib\json\scanner.py first seen with mtime 1772607852.857439
File C:\Users\yanzi\AppData\Local\Python\pythoncore-3.14-64\DLLs\_ctypes.pyd first seen with mtime 1772607852.5615847
File C:\Users\yanzi\OneDrive\Desktop\作業\大二\Webp2026\env01\Lib\site-packages\django\db\transaction.py first seen with mtime 1772629500.310301
File C:\Users\yanzi\OneDrive\Desktop\作業\大二\Webp2026\env01\Lib\site-packages\django\template\backends\__init__.py first seen with mtime 1772629500.463029
File C:\Users\yanzi\AppData\Local\Python\pythoncore-3.14-64\Lib\urllib\response.py first seen with mtime 1772607853.0283785
File C:\Users\yanzi\AppData\Local\Python\pythoncore-3.14-64\Lib\fractions.py first seen with mtime 1772607852.6352315
File C:\Users\yanzi\AppData\Local\Python\pythoncore-3.14-64\Lib\reprlib.py first seen with mtime 1772607852.6619534
File C:\Users\yanzi\OneDrive\Desktop\作業\大二\Webp2026\env01\Lib\site-packages\django\contrib\messages\api.py first seen with mtime 1772629499.537847
File C:\Users\yanzi\OneDrive\Desktop\作業\大二\Webp2026\env01\Lib\site-packages\sqlparse\filters\tokens.py first seen with mtime 1772629497.5269878
File C:\Users\yanzi\AppData\Local\Python\pythoncore-3.14-64\Lib\bz2.py first seen with mtime 1772607852.6184626
File C:\Users\yanzi\OneDrive\Desktop\作業\大二\Webp2026\env01\Lib\site-packages\sqlparse\filters\__init__.py first seen with mtime 1772629497.5239842
File C:\Users\yanzi\AppData\Local\Python\pythoncore-3.14-64\Lib\encodings\aliases.py first seen with mtime 1772607852.755009
File C:\Users\yanzi\OneDrive\Desktop\作業\大二\Webp2026\env01\Lib\site-packages\django\core\checks\async_checks.py first seen with mtime 1772629500.2591796
File C:\Users\yanzi\OneDrive\Desktop\作業\大二\Webp2026\env01\Lib\site-packages\asgiref\__init__.py first seen with mtime 1772629497.5837514
File C:\Users\yanzi\OneDrive\Desktop\作業\大二\Webp2026\env01\Lib\site-packages\django\contrib\messages\constants.py first seen with mtime 1772629499.5390213
File C:\Users\yanzi\OneDrive\Desktop\作業\大二\Webp2026\env01\Lib\site-packages\django\template\autoreload.py first seen with mtime 1772629500.4537709
File C:\Users\yanzi\AppData\Local\Python\pythoncore-3.14-64\DLLs\unicodedata.pyd first seen with mtime 1772607852.560229
File C:\Users\yanzi\OneDrive\Desktop\作業\大二\Webp2026\env01\Lib\site-packages\django\forms\__init__.py first seen with mtime 1772629500.375538
File C:\Users\yanzi\OneDrive\Desktop\作業\大二\Webp2026\env01\Lib\site-packages\django\contrib\contenttypes\checks.py first seen with mtime 1772629498.8156092
File C:\Users\yanzi\OneDrive\Desktop\作業\大二\Webp2026\env01\Lib\site-packages\django\core\files\base.py first seen with mtime 1772629500.271441
File C:\Users\yanzi\OneDrive\Desktop\作業\大二\Webp2026\env01\Lib\site-packages\django\urls\resolvers.py first seen with mtime 1772629500.481911
File C:\Users\yanzi\OneDrive\Desktop\作業\大二\Webp2026\env01\Lib\site-packages\django\db\backends\base\client.py first seen with mtime 1772629500.3133116
File C:\Users\yanzi\OneDrive\Desktop\作業\大二\Webp2026\env01\Lib\site-packages\django\utils\text.py first seen with mtime 1772629500.5033245
File C:\Users\yanzi\AppData\Local\Python\pythoncore-3.14-64\DLLs\_zstd.pyd first seen with mtime 1772607852.5777538
File C:\Users\yanzi\AppData\Local\Python\pythoncore-3.14-64\Lib\importlib\_abc.py first seen with mtime 1772607852.8503766
File C:\Users\yanzi\AppData\Local\Python\pythoncore-3.14-64\Lib\asyncio\graph.py first seen with mtime 1772607852.7155423
File C:\Users\yanzi\OneDrive\Desktop\作業\大二\Webp2026\env01\Lib\site-packages\django\utils\log.py first seen with mtime 1772629500.5003157
File C:\Users\yanzi\OneDrive\Desktop\作業\大二\Webp2026\env01\Lib\site-packages\django\utils\ipv6.py first seen with mtime 1772629500.4972134
File C:\Users\yanzi\OneDrive\Desktop\作業\大二\Webp2026\env01\Lib\site-packages\django\utils\http.py first seen with mtime 1772629500.4972134
File C:\Users\yanzi\OneDrive\Desktop\作業\大二\Webp2026\env01\Lib\site-packages\sqlparse\cli.py first seen with mtime 1772629497.5179107
File C:\Users\yanzi\OneDrive\Desktop\作業\大二\Webp2026\env01\Lib\site-packages\django\contrib\admin\templatetags\log.py first seen with mtime 1772629498.3779483
File C:\Users\yanzi\OneDrive\Desktop\作業\大二\Webp2026\env01\Lib\site-packages\django\db\migrations\exceptions.py first seen with mtime 1772629500.3444319
File C:\Users\yanzi\OneDrive\Desktop\作業\大二\Webp2026\env01\Lib\site-packages\django\contrib\contenttypes\fields.py first seen with mtime 1772629498.8156092
File C:\Users\yanzi\AppData\Local\Python\pythoncore-3.14-64\Lib\asyncio\selector_events.py first seen with mtime 1772607852.7196305
File C:\Users\yanzi\AppData\Local\Python\pythoncore-3.14-64\Lib\wsgiref\simple_server.py first seen with mtime 1772607853.0312042
File C:\Users\yanzi\OneDrive\Desktop\作業\大二\Webp2026\env01\Lib\site-packages\django\core\mail\__init__.py first seen with mtime 1772629500.282964
File C:\Users\yanzi\AppData\Local\Python\pythoncore-3.14-64\Lib\_colorize.py first seen with mtime 1772607852.6941345
File C:\Users\yanzi\OneDrive\Desktop\作業\大二\Webp2026\env01\Lib\site-packages\django\core\cache\backends\__init__.py first seen with mtime 1772629500.253152
File C:\Users\yanzi\OneDrive\Desktop\作業\大二\Webp2026\env01\Lib\site-packages\django\template\loaders\base.py first seen with mtime 1772629500.469369
File C:\Users\yanzi\OneDrive\Desktop\作業\大二\Webp2026\env01\Lib\site-packages\django\core\files\storage\__init__.py first seen with mtime 1772629500.275964
File C:\Users\yanzi\AppData\Local\Python\pythoncore-3.14-64\Lib\email\_header_value_parser.py first seen with mtime 1772607852.7530046
File C:\Users\yanzi\OneDrive\Desktop\作業\大二\Webp2026\env01\Lib\site-packages\sqlparse\sql.py first seen with mtime 1772629497.5209599
File C:\Users\yanzi\OneDrive\Desktop\作業\大二\Webp2026\env01\Lib\site-packages\django\templatetags\i18n.py first seen with mtime 1772629500.4725235
File C:\Users\yanzi\OneDrive\Desktop\作業\大二\Webp2026\env01\Lib\site-packages\django\core\files\uploadedfile.py first seen with mtime 1772629500.273968
File C:\Users\yanzi\OneDrive\Desktop\作業\大二\Webp2026\env01\Lib\site-packages\django\views\generic\edit.py first seen with mtime 1772629500.5215166
File C:\Users\yanzi\OneDrive\Desktop\作業\大二\Webp2026\env01\Lib\site-packages\django\contrib\admin\templatetags\admin_modify.py first seen with mtime 1772629498.3779483
File C:\Users\yanzi\OneDrive\Desktop\作業\大二\Webp2026\env01\Lib\site-packages\django\db\migrations\state.py first seen with mtime 1772629500.3474486
File C:\Users\yanzi\AppData\Local\Python\pythoncore-3.14-64\Lib\ctypes\wintypes.py first seen with mtime 1772607852.734066
File C:\Users\yanzi\AppData\Local\Python\pythoncore-3.14-64\Lib\_py_warnings.py first seen with mtime 1772607852.7007878
File C:\Users\yanzi\OneDrive\Desktop\作業\大二\Webp2026\env01\Lib\site-packages\django\utils\deconstruct.py first seen with mtime 1772629500.4910636
File C:\Users\yanzi\OneDrive\Desktop\作業\大二\Webp2026\env01\Lib\site-packages\django\conf\locale\__init__.py first seen with mtime 1772629497.6560311
File C:\Users\yanzi\OneDrive\Desktop\作業\大二\Webp2026\env01\Lib\site-packages\django\utils\cache.py first seen with mtime 1772629500.4879398
File C:\Users\yanzi\OneDrive\Desktop\作業\大二\Webp2026\env01\Lib\site-packages\django\core\management\commands\__init__.py first seen with mtime 1772629500.2920258
File C:\Users\yanzi\OneDrive\Desktop\作業\大二\Webp2026\env01\Lib\site-packages\django\contrib\admin\__init__.py first seen with mtime 1772629497.9265819
File C:\Users\yanzi\OneDrive\Desktop\作業\大二\Webp2026\env01\Lib\site-packages\django\contrib\staticfiles\checks.py first seen with mtime 1772629500.2405694
File C:\Users\yanzi\OneDrive\Desktop\作業\大二\Webp2026\env01\Lib\site-packages\django\core\checks\compatibility\__init__.py first seen with mtime 1772629500.265834
File C:\Users\yanzi\OneDrive\Desktop\作業\大二\Webp2026\env01\Lib\site-packages\django\template\base.py first seen with mtime 1772629500.4547698
File C:\Users\yanzi\AppData\Local\Python\pythoncore-3.14-64\Lib\sqlite3\dbapi2.py first seen with mtime 1772607853.0017595
File C:\Users\yanzi\AppData\Local\Python\pythoncore-3.14-64\Lib\quopri.py first seen with mtime 1772607852.6619534
File C:\Users\yanzi\AppData\Local\Python\pythoncore-3.14-64\Lib\random.py first seen with mtime 1772607852.6619534
File C:\Users\yanzi\OneDrive\Desktop\作業\大二\Webp2026\env01\Lib\site-packages\django\contrib\admin\filters.py first seen with mtime 1772629497.9306808
File C:\Users\yanzi\OneDrive\Desktop\作業\大二\Webp2026\env01\Lib\site-packages\django\template\loader.py first seen with mtime 1772629500.46084
File C:\Users\yanzi\AppData\Local\Python\pythoncore-3.14-64\Lib\tokenize.py first seen with mtime 1772607852.6842813
File C:\Users\yanzi\OneDrive\Desktop\作業\大二\Webp2026\env01\Lib\site-packages\django\db\backends\sqlite3\introspection.py first seen with mtime 1772629500.341416
File C:\Users\yanzi\AppData\Local\Python\pythoncore-3.14-64\Lib\typing.py first seen with mtime 1772607852.6842813
File C:\Users\yanzi\OneDrive\Desktop\作業\大二\Webp2026\env01\Lib\site-packages\django\core\management\__init__.py first seen with mtime 1772629500.2890108
File C:\Users\yanzi\OneDrive\Desktop\作業\大二\Webp2026\env01\Lib\site-packages\django\contrib\admin\views\main.py first seen with mtime 1772629498.3809638
File C:\Users\yanzi\OneDrive\Desktop\作業\大二\Webp2026\env01\Lib\site-packages\django\db\backends\sqlite3\creation.py first seen with mtime 1772629500.341416
File C:\Users\yanzi\AppData\Local\Python\pythoncore-3.14-64\Lib\copy.py first seen with mtime 1772607852.6267357
File C:\Users\yanzi\OneDrive\Desktop\作業\大二\Webp2026\env01\Lib\site-packages\django\utils\__init__.py first seen with mtime 1772629500.484925
File C:\Users\yanzi\AppData\Local\Python\pythoncore-3.14-64\Lib\email\_policybase.py first seen with mtime 1772607852.7530046
File C:\Users\yanzi\AppData\Local\Python\pythoncore-3.14-64\Lib\types.py first seen with mtime 1772607852.6842813
File C:\Users\yanzi\OneDrive\Desktop\作業\大二\Webp2026\env01\Lib\site-packages\django\core\checks\commands.py first seen with mtime 1772629500.2591796
File C:\Users\yanzi\OneDrive\Desktop\作業\大二\Webp2026\env01\Lib\site-packages\django\db\models\functions\text.py first seen with mtime 1772629500.3690517
File C:\Users\yanzi\AppData\Local\Python\pythoncore-3.14-64\Lib\asyncio\threads.py first seen with mtime 1772607852.7245364
File C:\Users\yanzi\OneDrive\Desktop\作業\大二\Webp2026\env01\Lib\site-packages\django\urls\utils.py first seen with mtime 1772629500.481911
File C:\Users\yanzi\OneDrive\Desktop\作業\大二\Webp2026\env01\Lib\site-packages\django\core\checks\caches.py first seen with mtime 1772629500.2591796
File C:\Users\yanzi\OneDrive\Desktop\作業\大二\Webp2026\env01\Lib\site-packages\django\utils\lorem_ipsum.py first seen with mtime 1772629500.5013201
File C:\Users\yanzi\AppData\Local\Python\pythoncore-3.14-64\Lib\queue.py first seen with mtime 1772607852.6619534
File C:\Users\yanzi\AppData\Local\Python\pythoncore-3.14-64\Lib\asyncio\events.py first seen with mtime 1772607852.7144537
File C:\Users\yanzi\OneDrive\Desktop\作業\大二\Webp2026\env01\Lib\site-packages\django\core\servers\__init__.py first seen with mtime 1772629500.3071866
File C:\Users\yanzi\AppData\Local\Python\pythoncore-3.14-64\Lib\ssl.py first seen with mtime 1772607852.676224
File C:\Users\yanzi\AppData\Local\Python\pythoncore-3.14-64\Lib\urllib\request.py first seen with mtime 1772607853.0283785
File C:\Users\yanzi\OneDrive\Desktop\作業\大二\Webp2026\env01\Lib\site-packages\django\views\i18n.py first seen with mtime 1772629500.512931
File C:\Users\yanzi\OneDrive\Desktop\作業\大二\Webp2026\env01\Lib\site-packages\django\db\backends\base\introspection.py first seen with mtime 1772629500.3166423
File C:\Users\yanzi\AppData\Local\Python\pythoncore-3.14-64\Lib\re\_constants.py first seen with mtime 1772607852.8741066
File C:\Users\yanzi\OneDrive\Desktop\作業\大二\Webp2026\env01\Lib\site-packages\sqlparse\exceptions.py first seen with mtime 1772629497.5179107
File C:\Users\yanzi\AppData\Local\Python\pythoncore-3.14-64\Lib\email\headerregistry.py first seen with mtime 1772607852.7479715
File C:\Users\yanzi\OneDrive\Desktop\作業\大二\Webp2026\env01\Lib\site-packages\django\contrib\contenttypes\__init__.py first seen with mtime 1772629498.8135507
File C:\Users\yanzi\AppData\Local\Python\pythoncore-3.14-64\Lib\encodings\utf_8.py first seen with mtime 1772607852.8080842
File C:\Users\yanzi\OneDrive\Desktop\作業\大二\Webp2026\env01\Lib\site-packages\django\contrib\sites\shortcuts.py first seen with mtime 1772629500.0679934
File C:\Users\yanzi\OneDrive\Desktop\作業\大二\Webp2026\env01\Lib\site-packages\django\contrib\admin\views\__init__.py first seen with mtime 1772629498.3809638
File C:\Users\yanzi\OneDrive\Desktop\作業\大二\Webp2026\env01\Lib\site-packages\django\contrib\auth\apps.py first seen with mtime 1772629498.6219559
File C:\Users\yanzi\OneDrive\Desktop\作業\大二\Webp2026\env01\Lib\site-packages\django\core\serializers\base.py first seen with mtime 1772629500.3041694
File C:\Users\yanzi\OneDrive\Desktop\作業\大二\Webp2026\env01\Lib\site-packages\django\core\signing.py first seen with mtime 1772629500.2501369
File C:\Users\yanzi\OneDrive\Desktop\作業\大二\Webp2026\env01\Lib\site-packages\django\db\models\signals.py first seen with mtime 1772629500.3595855
File C:\Users\yanzi\AppData\Local\Python\pythoncore-3.14-64\Lib\string\__init__.py first seen with mtime 1772607853.0042667
File C:\Users\yanzi\OneDrive\Desktop\作業\大二\Webp2026\env01\Lib\site-packages\django\core\mail\message.py first seen with mtime 1772629500.2839632
File C:\Users\yanzi\OneDrive\Desktop\作業\大二\Webp2026\env01\Lib\site-packages\django\forms\fields.py first seen with mtime 1772629500.378567
File C:\Users\yanzi\AppData\Local\Python\pythoncore-3.14-64\Lib\compression\zstd\_zstdfile.py first seen with mtime 1772607853.0513446
File C:\Users\yanzi\OneDrive\Desktop\作業\大二\Webp2026\env01\Lib\site-packages\django\urls\converters.py first seen with mtime 1772629500.481911
File C:\Users\yanzi\AppData\Local\Python\pythoncore-3.14-64\Lib\selectors.py first seen with mtime 1772607852.6692317
File C:\Users\yanzi\AppData\Local\Python\pythoncore-3.14-64\Lib\email\mime\base.py first seen with mtime 1772607853.0603316
File C:\Users\yanzi\AppData\Local\Python\pythoncore-3.14-64\Lib\email\mime\__init__.py first seen with mtime 1772607853.0618372
File C:\Users\yanzi\OneDrive\Desktop\作業\大二\Webp2026\env01\Lib\site-packages\django\db\backends\base\schema.py first seen with mtime 1772629500.3181517
File C:\Users\yanzi\AppData\Local\Python\pythoncore-3.14-64\Lib\statistics.py first seen with mtime 1772607852.6782296
File C:\Users\yanzi\OneDrive\Desktop\作業\大二\Webp2026\env01\Lib\site-packages\django\contrib\sessions\base_session.py first seen with mtime 1772629499.888013
File C:\Users\yanzi\AppData\Local\Python\pythoncore-3.14-64\Lib\wsgiref\util.py first seen with mtime 1772607853.0312042
File C:\Users\yanzi\OneDrive\Desktop\作業\大二\Webp2026\env01\Lib\site-packages\django\views\decorators\cache.py first seen with mtime 1772629500.512931
File C:\Users\yanzi\OneDrive\Desktop\作業\大二\Webp2026\env01\Lib\site-packages\django\contrib\__init__.py first seen with mtime 1772629497.9265819
File C:\Users\yanzi\OneDrive\Desktop\作業\大二\Webp2026\env01\Lib\site-packages\django\contrib\admin\helpers.py first seen with mtime 1772629497.9306808
File C:\Users\yanzi\AppData\Local\Python\pythoncore-3.14-64\Lib\email\mime\multipart.py first seen with mtime 1772607853.0618372
File C:\Users\yanzi\OneDrive\Desktop\作業\大二\Webp2026\env01\Lib\site-packages\django\core\handlers\exception.py first seen with mtime 1772629500.2819605
File C:\Users\yanzi\AppData\Local\Python\pythoncore-3.14-64\Lib\argparse.py first seen with mtime 1772607852.6184626
File C:\Users\yanzi\AppData\Local\Python\pythoncore-3.14-64\Lib\email\_encoded_words.py first seen with mtime 1772607852.7509832
File C:\Users\yanzi\OneDrive\Desktop\作業\大二\Webp2026\env01\Lib\site-packages\django\utils\formats.py first seen with mtime 1772629500.4941962
File C:\Users\yanzi\AppData\Local\Python\pythoncore-3.14-64\Lib\email\errors.py first seen with mtime 1772607852.7459655
File C:\Users\yanzi\AppData\Local\Python\pythoncore-3.14-64\Lib\asyncio\proactor_events.py first seen with mtime 1772607852.7185254
File C:\Users\yanzi\AppData\Local\Python\pythoncore-3.14-64\Lib\ctypes\_endian.py first seen with mtime 1772607852.734066
File C:\Users\yanzi\OneDrive\Desktop\作業\大二\Webp2026\env01\Lib\site-packages\django\contrib\admin\views\autocomplete.py first seen with mtime 1772629498.3809638
File C:\Users\yanzi\OneDrive\Desktop\作業\大二\Webp2026\env01\Lib\site-packages\django\contrib\admin\widgets.py first seen with mtime 1772629497.932696
File C:\Users\yanzi\OneDrive\Desktop\作業\大二\Webp2026\env01\Lib\site-packages\django\http\response.py first seen with mtime 1772629500.4348435
File C:\Users\yanzi\AppData\Local\Python\pythoncore-3.14-64\Lib\asyncio\queues.py first seen with mtime 1772607852.7196305
File C:\Users\yanzi\OneDrive\Desktop\作業\大二\Webp2026\env01\Lib\site-packages\django\core\management\base.py first seen with mtime 1772629500.2890108
File C:\Users\yanzi\AppData\Local\Python\pythoncore-3.14-64\Lib\shutil.py first seen with mtime 1772607852.6692317
File C:\Users\yanzi\OneDrive\Desktop\作業\大二\Webp2026\env01\Lib\site-packages\django\template\__init__.py first seen with mtime 1772629500.4526222
File C:\Users\yanzi\OneDrive\Desktop\作業\大二\Webp2026\env01\Lib\site-packages\django\contrib\auth\templatetags\auth.py first seen with mtime 1772629498.8135507
File C:\Users\yanzi\AppData\Local\Python\pythoncore-3.14-64\Lib\linecache.py first seen with mtime 1772607852.6434062
File C:\Users\yanzi\OneDrive\Desktop\作業\大二\Webp2026\env01\Lib\site-packages\django\utils\decorators.py first seen with mtime 1772629500.4910636
File C:\Users\yanzi\AppData\Local\Python\pythoncore-3.14-64\Lib\pkgutil.py first seen with mtime 1772607852.6525269
File C:\Users\yanzi\OneDrive\Desktop\作業\大二\Webp2026\env01\Lib\site-packages\django\db\backends\__init__.py first seen with mtime 1772629500.310301
File C:\Users\yanzi\OneDrive\Desktop\作業\大二\Webp2026\env01\Lib\site-packages\django\core\management\commands\runserver.py first seen with mtime 1772629500.2981448
File C:\Users\yanzi\AppData\Local\Python\pythoncore-3.14-64\Lib\operator.py first seen with mtime 1772607852.6525269
File C:\Users\yanzi\AppData\Local\Python\pythoncore-3.14-64\Lib\multiprocessing\__init__.py first seen with mtime 1772607852.8656754
File C:\Users\yanzi\OneDrive\Desktop\作業\大二\Webp2026\env01\Lib\site-packages\django\contrib\admin\utils.py first seen with mtime 1772629497.932696
File C:\Users\yanzi\OneDrive\Desktop\作業\大二\Webp2026\env01\Lib\site-packages\django\contrib\auth\password_validation.py first seen with mtime 1772629498.6287067
File C:\Users\yanzi\OneDrive\Desktop\作業\大二\Webp2026\env01\Lib\site-packages\django\utils\translation\reloader.py first seen with mtime 1772629500.5068083
File C:\Users\yanzi\OneDrive\Desktop\作業\大二\Webp2026\env01\Lib\site-packages\django\core\files\storage\mixins.py first seen with mtime 1772629500.2789295
File C:\Users\yanzi\OneDrive\Desktop\作業\大二\Webp2026\env01\Lib\site-packages\django\db\models\functions\mixins.py first seen with mtime 1772629500.3690517
File C:\Users\yanzi\OneDrive\Desktop\作業\大二\Webp2026\env01\Lib\site-packages\django\core\checks\files.py first seen with mtime 1772629500.2591796
File C:\Users\yanzi\AppData\Local\Python\pythoncore-3.14-64\Lib\gzip.py first seen with mtime 1772607852.639333
File C:\Users\yanzi\AppData\Local\Python\pythoncore-3.14-64\DLLs\_uuid.pyd first seen with mtime 1772607852.5697355
File C:\Users\yanzi\AppData\Local\Python\pythoncore-3.14-64\Lib\email\quoprimime.py first seen with mtime 1772607852.7509832
File C:\Users\yanzi\AppData\Local\Python\pythoncore-3.14-64\Lib\email\__init__.py first seen with mtime 1772607852.7530046
File C:\Users\yanzi\AppData\Local\Python\pythoncore-3.14-64\Lib\_compat_pickle.py first seen with mtime 1772607852.6941345
File C:\Users\yanzi\AppData\Local\Python\pythoncore-3.14-64\Lib\decimal.py first seen with mtime 1772607852.6299372
File C:\Users\yanzi\OneDrive\Desktop\作業\大二\Webp2026\env01\Lib\site-packages\django\core\checks\database.py first seen with mtime 1772629500.2591796
File C:\Users\yanzi\OneDrive\Desktop\作業\大二\Webp2026\env01\Lib\site-packages\django\forms\renderers.py first seen with mtime 1772629500.378567
File C:\Users\yanzi\OneDrive\Desktop\作業\大二\Webp2026\env01\Lib\site-packages\django\contrib\staticfiles\views.py first seen with mtime 1772629500.243958
File C:\Users\yanzi\OneDrive\Desktop\作業\大二\Webp2026\env01\Lib\site-packages\django\core\files\storage\filesystem.py first seen with mtime 1772629500.2769618
File C:\Users\yanzi\OneDrive\Desktop\作業\大二\Webp2026\env01\Lib\site-packages\django\utils\translation\trans_real.py first seen with mtime 1772629500.5099103
File C:\Users\yanzi\OneDrive\Desktop\作業\大二\Webp2026\env01\Lib\site-packages\django\utils\dates.py first seen with mtime 1772629500.4910636
File C:\Users\yanzi\OneDrive\Desktop\作業\大二\Webp2026\env01\Lib\site-packages\django\contrib\staticfiles\utils.py first seen with mtime 1772629500.2405694
File C:\Users\yanzi\OneDrive\Desktop\作業\大二\Webp2026\env01\Lib\site-packages\django\db\models\__init__.py first seen with mtime 1772629500.3534727
File C:\Users\yanzi\AppData\Local\Python\pythoncore-3.14-64\Lib\_weakrefset.py first seen with mtime 1772607852.70722
File C:\Users\yanzi\OneDrive\Desktop\作業\大二\Webp2026\env01\Lib\site-packages\django\db\models\constants.py first seen with mtime 1772629500.3534727
File C:\Users\yanzi\OneDrive\Desktop\作業\大二\Webp2026\env01\Lib\site-packages\django\core\checks\registry.py first seen with mtime 1772629500.2635694
File C:\Users\yanzi\AppData\Local\Python\pythoncore-3.14-64\Lib\email\utils.py first seen with mtime 1772607852.7509832
File C:\Users\yanzi\AppData\Local\Python\pythoncore-3.14-64\Lib\asyncio\sslproto.py first seen with mtime 1772607852.7196305
File C:\Users\yanzi\AppData\Local\Python\pythoncore-3.14-64\Lib\asyncio\base_tasks.py first seen with mtime 1772607852.712237
File C:\Users\yanzi\AppData\Local\Python\pythoncore-3.14-64\Lib\ctypes\__init__.py first seen with mtime 1772607852.7371793
File C:\Users\yanzi\AppData\Local\Python\pythoncore-3.14-64\Lib\asyncio\runners.py first seen with mtime 1772607852.7196305
File C:\Users\yanzi\AppData\Local\Python\pythoncore-3.14-64\Lib\asyncio\taskgroups.py first seen with mtime 1772607852.7216363
File C:\Users\yanzi\OneDrive\Desktop\作業\大二\Webp2026\env01\Lib\site-packages\django\core\files\storage\memory.py first seen with mtime 1772629500.2789295
File C:\Users\yanzi\AppData\Local\Python\pythoncore-3.14-64\Lib\token.py first seen with mtime 1772607852.6842813
File C:\Users\yanzi\AppData\Local\Python\pythoncore-3.14-64\Lib\asyncio\__init__.py first seen with mtime 1772607852.7256322
File C:\Users\yanzi\OneDrive\Desktop\作業\大二\Webp2026\env01\Lib\site-packages\django\views\decorators\csrf.py first seen with mtime 1772629500.515942
File C:\Users\yanzi\OneDrive\Desktop\作業\大二\Webp2026\ex0\ex0\__init__.py first seen with mtime 1772629532.9827547
File C:\Users\yanzi\AppData\Local\Python\pythoncore-3.14-64\Lib\datetime.py first seen with mtime 1772607852.6299372
File C:\Users\yanzi\OneDrive\Desktop\作業\大二\Webp2026\env01\Lib\site-packages\django\db\backends\base\validation.py first seen with mtime 1772629500.3181517
File C:\Users\yanzi\OneDrive\Desktop\作業\大二\Webp2026\env01\Lib\site-packages\sqlparse\formatter.py first seen with mtime 1772629497.5179107
File C:\Users\yanzi\OneDrive\Desktop\作業\大二\Webp2026\env01\Lib\site-packages\sqlparse\engine\statement_splitter.py first seen with mtime 1772629497.5239842
File C:\Users\yanzi\OneDrive\Desktop\作業\大二\Webp2026\env01\Lib\site-packages\django\db\backends\base\features.py first seen with mtime 1772629500.3166423
File C:\Users\yanzi\OneDrive\Desktop\作業\大二\Webp2026\env01\Lib\site-packages\django\db\models\fields\generated.py first seen with mtime 1772629500.3637547
File C:\Users\yanzi\OneDrive\Desktop\作業\大二\Webp2026\env01\Lib\site-packages\django\contrib\contenttypes\models.py first seen with mtime 1772629498.8166158
File C:\Users\yanzi\AppData\Local\Python\pythoncore-3.14-64\Lib\asyncio\protocols.py first seen with mtime 1772607852.7185254
File C:\Users\yanzi\OneDrive\Desktop\作業\大二\Webp2026\env01\Lib\site-packages\sqlparse\tokens.py first seen with mtime 1772629497.5209599
File C:\Users\yanzi\OneDrive\Desktop\作業\大二\Webp2026\env01\Lib\site-packages\django\core\signals.py first seen with mtime 1772629500.2501369
File C:\Users\yanzi\OneDrive\Desktop\作業\大二\Webp2026\env01\Lib\site-packages\django\utils\copy.py first seen with mtime 1772629500.4879398
File C:\Users\yanzi\OneDrive\Desktop\作業\大二\Webp2026\env01\Lib\site-packages\django\core\checks\urls.py first seen with mtime 1772629500.265834
File C:\Users\yanzi\OneDrive\Desktop\作業\大二\Webp2026\env01\Lib\site-packages\django\db\models\fields\json.py first seen with mtime 1772629500.3637547
File C:\Users\yanzi\OneDrive\Desktop\作業\大二\Webp2026\env01\Lib\site-packages\django\middleware\__init__.py first seen with mtime 1772629500.437855
File C:\Users\yanzi\AppData\Local\Python\pythoncore-3.14-64\DLLs\_lzma.pyd first seen with mtime 1772607852.5672145
File C:\Users\yanzi\OneDrive\Desktop\作業\大二\Webp2026\env01\Lib\site-packages\sqlparse\engine\filter_stack.py first seen with mtime 1772629497.5229862
File C:\Users\yanzi\OneDrive\Desktop\作業\大二\Webp2026\env01\Lib\site-packages\django\forms\utils.py first seen with mtime 1772629500.3815806
File C:\Users\yanzi\OneDrive\Desktop\作業\大二\Webp2026\env01\Lib\site-packages\django\views\generic\dates.py first seen with mtime 1772629500.5184503
File C:\Users\yanzi\OneDrive\Desktop\作業\大二\Webp2026\env01\Lib\site-packages\django\forms\boundfield.py first seen with mtime 1772629500.378567
File C:\Users\yanzi\OneDrive\Desktop\作業\大二\Webp2026\env01\Lib\site-packages\django\contrib\messages\apps.py first seen with mtime 1772629499.537847
File C:\Users\yanzi\AppData\Local\Python\pythoncore-3.14-64\Lib\codeop.py first seen with mtime 1772607852.6184626
File C:\Users\yanzi\OneDrive\Desktop\作業\大二\Webp2026\env01\Lib\site-packages\django\template\defaultfilters.py first seen with mtime 1772629500.4567697
File C:\Users\yanzi\OneDrive\Desktop\作業\大二\Webp2026\env01\Lib\site-packages\django\contrib\messages\utils.py first seen with mtime 1772629499.5390213
File C:\Users\yanzi\OneDrive\Desktop\作業\大二\Webp2026\env01\Lib\site-packages\django\utils\encoding.py first seen with mtime 1772629500.4941962
File C:\Users\yanzi\OneDrive\Desktop\作業\大二\Webp2026\env01\Lib\site-packages\django\utils\crypto.py first seen with mtime 1772629500.4879398
File C:\Users\yanzi\OneDrive\Desktop\作業\大二\Webp2026\env01\Lib\site-packages\django\dispatch\__init__.py first seen with mtime 1772629500.375538
File C:\Users\yanzi\AppData\Local\Python\pythoncore-3.14-64\Lib\compression\zstd\__init__.py first seen with mtime 1772607853.0513446
File C:\Users\yanzi\OneDrive\Desktop\作業\大二\Webp2026\env01\Lib\site-packages\django\contrib\staticfiles\apps.py first seen with mtime 1772629500.2395644
File C:\Users\yanzi\OneDrive\Desktop\作業\大二\Webp2026\env01\Lib\site-packages\django\core\serializers\python.py first seen with mtime 1772629500.3071866
File C:\Users\yanzi\AppData\Local\Python\pythoncore-3.14-64\Lib\logging\config.py first seen with mtime 1772607852.857439
File C:\Users\yanzi\OneDrive\Desktop\作業\大二\Webp2026\env01\Lib\site-packages\django\utils\dateparse.py first seen with mtime 1772629500.4910636
File C:\Users\yanzi\AppData\Local\Python\pythoncore-3.14-64\Lib\asyncio\format_helpers.py first seen with mtime 1772607852.7155423
File C:\Users\yanzi\AppData\Local\Python\pythoncore-3.14-64\Lib\base64.py first seen with mtime 1772607852.6184626
File C:\Users\yanzi\OneDrive\Desktop\作業\大二\Webp2026\env01\Lib\site-packages\django\contrib\admin\templatetags\admin_urls.py first seen with mtime 1772629498.3779483
File C:\Users\yanzi\OneDrive\Desktop\作業\大二\Webp2026\env01\Lib\site-packages\django\template\smartif.py first seen with mtime 1772629500.463029
File C:\Users\yanzi\OneDrive\Desktop\作業\大二\Webp2026\env01\Lib\site-packages\sqlparse\filters\reindent.py first seen with mtime 1772629497.5259826
File C:\Users\yanzi\OneDrive\Desktop\作業\大二\Webp2026\env01\Lib\site-packages\django\utils\duration.py first seen with mtime 1772629500.4941962
File C:\Users\yanzi\OneDrive\Desktop\作業\大二\Webp2026\env01\Lib\site-packages\django\core\cache\backends\base.py first seen with mtime 1772629500.253152
File C:\Users\yanzi\OneDrive\Desktop\作業\大二\Webp2026\env01\Lib\site-packages\django\core\paginator.py first seen with mtime 1772629500.2501369
File C:\Users\yanzi\OneDrive\Desktop\作業\大二\Webp2026\env01\Lib\site-packages\django\core\serializers\json.py first seen with mtime 1772629500.3071866
File C:\Users\yanzi\OneDrive\Desktop\作業\大二\Webp2026\env01\Lib\site-packages\django\contrib\auth\validators.py first seen with mtime 1772629498.6308136
File C:\Users\yanzi\AppData\Local\Python\pythoncore-3.14-64\Lib\email\header.py first seen with mtime 1772607852.7479715
File C:\Users\yanzi\AppData\Local\Python\pythoncore-3.14-64\Lib\asyncio\mixins.py first seen with mtime 1772607852.7172928
File C:\Users\yanzi\OneDrive\Desktop\作業\大二\Webp2026\env01\Lib\site-packages\django\utils\dateformat.py first seen with mtime 1772629500.4910636
File C:\Users\yanzi\OneDrive\Desktop\作業\大二\Webp2026\env01\Lib\site-packages\django\forms\models.py first seen with mtime 1772629500.378567
File C:\Users\yanzi\OneDrive\Desktop\作業\大二\Webp2026\env01\Lib\site-packages\django\db\backends\base\operations.py first seen with mtime 1772629500.3181517
File C:\Users\yanzi\AppData\Local\Python\pythoncore-3.14-64\Lib\graphlib.py first seen with mtime 1772607852.639333
File C:\Users\yanzi\AppData\Local\Python\pythoncore-3.14-64\Lib\json\__init__.py first seen with mtime 1772607852.857439
File C:\Users\yanzi\AppData\Local\Python\pythoncore-3.14-64\Lib\asyncio\staggered.py first seen with mtime 1772607852.7216363
File C:\Users\yanzi\AppData\Local\Python\pythoncore-3.14-64\Lib\encodings\cp950.py first seen with mtime 1772607852.7754278
File C:\Users\yanzi\OneDrive\Desktop\作業\大二\Webp2026\env01\Lib\site-packages\sqlparse\filters\output.py first seen with mtime 1772629497.5249832
File C:\Users\yanzi\OneDrive\Desktop\作業\大二\Webp2026\env01\Lib\site-packages\django\core\cache\backends\filebased.py first seen with mtime 1772629500.2561646
File C:\Users\yanzi\OneDrive\Desktop\作業\大二\Webp2026\env01\Lib\site-packages\django\db\models\fields\related_descriptors.py first seen with mtime 1772629500.3657641
File C:\Users\yanzi\OneDrive\Desktop\作業\大二\Webp2026\env01\Lib\site-packages\django\db\models\base.py first seen with mtime 1772629500.3534727
File C:\Users\yanzi\OneDrive\Desktop\作業\大二\Webp2026\env01\Lib\site-packages\django\contrib\messages\storage\base.py first seen with mtime 1772629499.5420337
File C:\Users\yanzi\AppData\Local\Python\pythoncore-3.14-64\Lib\difflib.py first seen with mtime 1772607852.6299372
File C:\Users\yanzi\OneDrive\Desktop\作業\大二\Webp2026\env01\Lib\site-packages\django\forms\formsets.py first seen with mtime 1772629500.378567
File C:\Users\yanzi\OneDrive\Desktop\作業\大二\Webp2026\env01\Lib\site-packages\asgiref\local.py first seen with mtime 1772629497.5870583
File C:\Users\yanzi\AppData\Local\Python\pythoncore-3.14-64\Lib\asyncio\windows_events.py first seen with mtime 1772607852.7256322
File C:\Users\yanzi\OneDrive\Desktop\作業\大二\Webp2026\env01\Lib\site-packages\django\forms\forms.py first seen with mtime 1772629500.378567
File C:\Users\yanzi\OneDrive\Desktop\作業\大二\Webp2026\env01\Lib\site-packages\django\utils\_os.py first seen with mtime 1772629500.484925
File C:\Users\yanzi\AppData\Local\Python\pythoncore-3.14-64\Lib\heapq.py first seen with mtime 1772607852.6434062
File C:\Users\yanzi\OneDrive\Desktop\作業\大二\Webp2026\env01\Lib\site-packages\django\core\validators.py first seen with mtime 1772629500.253152
File C:\Users\yanzi\OneDrive\Desktop\作業\大二\Webp2026\env01\Lib\site-packages\django\core\files\temp.py first seen with mtime 1772629500.272964
File C:\Users\yanzi\AppData\Local\Python\pythoncore-3.14-64\DLLs\_hashlib.pyd first seen with mtime 1772607852.5672145
File C:\Users\yanzi\OneDrive\Desktop\作業\大二\Webp2026\env01\Lib\site-packages\django\core\__init__.py first seen with mtime 1772629500.2501369
File C:\Users\yanzi\OneDrive\Desktop\作業\大二\Webp2026\env01\Lib\site-packages\django\template\utils.py first seen with mtime 1772629500.463029
File C:\Users\yanzi\AppData\Local\Python\pythoncore-3.14-64\Lib\socket.py first seen with mtime 1772607852.6692317
File C:\Users\yanzi\OneDrive\Desktop\作業\大二\Webp2026\env01\Lib\site-packages\django\template\backends\django.py first seen with mtime 1772629500.4663217
File C:\Users\yanzi\OneDrive\Desktop\作業\大二\Webp2026\env01\Lib\site-packages\django\templatetags\static.py first seen with mtime 1772629500.4725235
File C:\Users\yanzi\OneDrive\Desktop\作業\大二\Webp2026\env01\Lib\site-packages\django\db\migrations\operations\models.py first seen with mtime 1772629500.3504622
File C:\Users\yanzi\OneDrive\Desktop\作業\大二\Webp2026\env01\Lib\site-packages\sqlparse\filters\others.py first seen with mtime 1772629497.5249832
File C:\Users\yanzi\OneDrive\Desktop\作業\大二\Webp2026\env01\Lib\site-packages\django\apps\config.py first seen with mtime 1772629497.6499906
File C:\Users\yanzi\AppData\Local\Python\pythoncore-3.14-64\Lib\ast.py first seen with mtime 1772607852.6184626
File C:\Users\yanzi\AppData\Local\Python\pythoncore-3.14-64\Lib\asyncio\streams.py first seen with mtime 1772607852.7216363
File C:\Users\yanzi\OneDrive\Desktop\作業\大二\Webp2026\env01\Lib\site-packages\django\db\backends\sqlite3\operations.py first seen with mtime 1772629500.341416
File C:\Users\yanzi\OneDrive\Desktop\作業\大二\Webp2026\env01\Lib\site-packages\django\template\loaders\app_directories.py first seen with mtime 1772629500.469369
File C:\Users\yanzi\AppData\Local\Python\pythoncore-3.14-64\Lib\http\server.py first seen with mtime 1772607852.8164084
File C:\Users\yanzi\AppData\Local\Python\pythoncore-3.14-64\Lib\re\__init__.py first seen with mtime 1772607852.8753617
File C:\Users\yanzi\OneDrive\Desktop\作業\大二\Webp2026\env01\Lib\site-packages\django\contrib\contenttypes\apps.py first seen with mtime 1772629498.814597
File C:\Users\yanzi\OneDrive\Desktop\作業\大二\Webp2026\env01\Lib\site-packages\django\template\exceptions.py first seen with mtime 1772629500.4597697
File C:\Users\yanzi\AppData\Local\Python\pythoncore-3.14-64\Lib\asyncio\timeouts.py first seen with mtime 1772607852.7256322
File C:\Users\yanzi\AppData\Local\Python\pythoncore-3.14-64\Lib\http\cookies.py first seen with mtime 1772607852.8164084
File C:\Users\yanzi\OneDrive\Desktop\作業\大二\Webp2026\env01\Lib\site-packages\django\db\models\fields\mixins.py first seen with mtime 1772629500.3637547
File C:\Users\yanzi\OneDrive\Desktop\作業\大二\Webp2026\env01\Lib\site-packages\django\core\servers\basehttp.py first seen with mtime 1772629500.310301
File C:\Users\yanzi\OneDrive\Desktop\作業\大二\Webp2026\env01\Lib\site-packages\django\shortcuts.py first seen with mtime 1772629497.6479726
File C:\Users\yanzi\OneDrive\Desktop\作業\大二\Webp2026\env01\Lib\site-packages\django\contrib\contenttypes\views.py first seen with mtime 1772629498.8180315
File C:\Users\yanzi\AppData\Local\Python\pythoncore-3.14-64\Lib\annotationlib.py first seen with mtime 1772607852.6113763
File C:\Users\yanzi\OneDrive\Desktop\作業\大二\Webp2026\env01\Lib\site-packages\django\views\decorators\csp.py first seen with mtime 1772629500.515942
File C:\Users\yanzi\OneDrive\Desktop\作業\大二\Webp2026\env01\Lib\site-packages\django\views\decorators\__init__.py first seen with mtime 1772629500.512931
File C:\Users\yanzi\AppData\Local\Python\pythoncore-3.14-64\Lib\wsgiref\__init__.py first seen with mtime 1772607853.0332084
File C:\Users\yanzi\OneDrive\Desktop\作業\大二\Webp2026\env01\Lib\site-packages\django\db\models\manager.py first seen with mtime 1772629500.356568
File C:\Users\yanzi\AppData\Local\Python\pythoncore-3.14-64\Lib\signal.py first seen with mtime 1772607852.6692317
File C:\Users\yanzi\AppData\Local\Python\pythoncore-3.14-64\Lib\encodings\_win_cp_codecs.py first seen with mtime 1772607852.8080842
File C:\Users\yanzi\OneDrive\Desktop\作業\大二\Webp2026\env01\Lib\site-packages\django\db\models\fields\composite.py first seen with mtime 1772629500.362597
File C:\Users\yanzi\AppData\Local\Python\pythoncore-3.14-64\Lib\asyncio\windows_utils.py first seen with mtime 1772607852.7256322
File C:\Users\yanzi\OneDrive\Desktop\作業\大二\Webp2026\env01\Lib\site-packages\django\core\handlers\wsgi.py first seen with mtime 1772629500.2819605
File C:\Users\yanzi\AppData\Local\Python\pythoncore-3.14-64\Lib\email\mime\nonmultipart.py first seen with mtime 1772607853.0618372
File C:\Users\yanzi\OneDrive\Desktop\作業\大二\Webp2026\env01\Lib\site-packages\django\db\models\sql\subqueries.py first seen with mtime 1772629500.375538
File C:\Users\yanzi\AppData\Local\Python\pythoncore-3.14-64\DLLs\select.pyd first seen with mtime 1772607852.5532105
File C:\Users\yanzi\AppData\Local\Python\pythoncore-3.14-64\Lib\__future__.py first seen with mtime 1772607852.7090423
File C:\Users\yanzi\AppData\Local\Python\pythoncore-3.14-64\Lib\compression\_common\__init__.py first seen with mtime 1772607853.0513446
File C:\Users\yanzi\AppData\Local\Python\pythoncore-3.14-64\Lib\asyncio\transports.py first seen with mtime 1772607852.7256322
File C:\Users\yanzi\OneDrive\Desktop\作業\大二\Webp2026\env01\Lib\site-packages\sqlparse\__init__.py first seen with mtime 1772629497.5161636
File C:\Users\yanzi\AppData\Local\Python\pythoncore-3.14-64\Lib\email\encoders.py first seen with mtime 1772607852.7459655
File C:\Users\yanzi\AppData\Local\Python\pythoncore-3.14-64\DLLs\_asyncio.pyd first seen with mtime 1772607852.5615847
File C:\Users\yanzi\OneDrive\Desktop\作業\大二\Webp2026\env01\Lib\site-packages\django\contrib\auth\tokens.py first seen with mtime 1772629498.6297424
File C:\Users\yanzi\OneDrive\Desktop\作業\大二\Webp2026\env01\Lib\site-packages\django\core\wsgi.py first seen with mtime 1772629500.253152
File C:\Users\yanzi\OneDrive\Desktop\作業\大二\Webp2026\env01\Lib\site-packages\django\db\models\query.py first seen with mtime 1772629500.3595855
File C:\Users\yanzi\OneDrive\Desktop\作業\大二\Webp2026\env01\Lib\site-packages\django\db\models\fields\related_lookups.py first seen with mtime 1772629500.3657641
File C:\Users\yanzi\AppData\Local\Python\pythoncore-3.14-64\Lib\pathlib\__init__.py first seen with mtime 1772607852.8656754
File C:\Users\yanzi\AppData\Local\Python\pythoncore-3.14-64\Lib\asyncio\subprocess.py first seen with mtime 1772607852.7216363
File C:\Users\yanzi\AppData\Local\Python\pythoncore-3.14-64\Lib\zoneinfo\__init__.py first seen with mtime 1772607853.0368783
File C:\Users\yanzi\AppData\Local\Python\pythoncore-3.14-64\Lib\email\parser.py first seen with mtime 1772607852.7499776
File C:\Users\yanzi\AppData\Local\Python\pythoncore-3.14-64\Lib\email\iterators.py first seen with mtime 1772607852.7479715
File C:\Users\yanzi\OneDrive\Desktop\作業\大二\Webp2026\env01\Lib\site-packages\sqlparse\filters\right_margin.py first seen with mtime 1772629497.5259826
File C:\Users\yanzi\AppData\Local\Python\pythoncore-3.14-64\Lib\sysconfig\__init__.py first seen with mtime 1772607853.0042667
File C:\Users\yanzi\AppData\Local\Python\pythoncore-3.14-64\Lib\wsgiref\handlers.py first seen with mtime 1772607853.0312042
File C:\Users\yanzi\OneDrive\Desktop\作業\大二\Webp2026\env01\Lib\site-packages\django\db\models\sql\__init__.py first seen with mtime 1772629500.3725226
File C:\Users\yanzi\AppData\Local\Python\pythoncore-3.14-64\DLLs\_zoneinfo.pyd first seen with mtime 1772607852.5697355
File C:\Users\yanzi\AppData\Local\Python\pythoncore-3.14-64\Lib\multiprocessing\reduction.py first seen with mtime 1772607852.8656754
File C:\Users\yanzi\OneDrive\Desktop\作業\大二\Webp2026\env01\Lib\site-packages\django\contrib\auth\admin.py first seen with mtime 1772629498.6219559
File C:\Users\yanzi\OneDrive\Desktop\作業\大二\Webp2026\env01\Lib\site-packages\django\db\migrations\operations\__init__.py first seen with mtime 1772629500.3504622
File C:\Users\yanzi\AppData\Local\Python\pythoncore-3.14-64\Lib\hashlib.py first seen with mtime 1772607852.639333
File C:\Users\yanzi\OneDrive\Desktop\作業\大二\Webp2026\env01\Lib\site-packages\django\contrib\sessions\__init__.py first seen with mtime 1772629499.8865075
File C:\Users\yanzi\OneDrive\Desktop\作業\大二\Webp2026\env01\Lib\site-packages\django\template\backends\base.py first seen with mtime 1772629500.4663217
File C:\Users\yanzi\AppData\Local\Python\pythoncore-3.14-64\Lib\tempfile.py first seen with mtime 1772607852.6802354
File C:\Users\yanzi\OneDrive\Desktop\作業\大二\Webp2026\env01\Lib\site-packages\django\utils\safestring.py first seen with mtime 1772629500.5033245
File C:\Users\yanzi\OneDrive\Desktop\作業\大二\Webp2026\env01\Lib\site-packages\django\contrib\sessions\apps.py first seen with mtime 1772629499.888013
File C:\Users\yanzi\OneDrive\Desktop\作業\大二\Webp2026\env01\Lib\site-packages\django\db\models\options.py first seen with mtime 1772629500.3595855
File C:\Users\yanzi\OneDrive\Desktop\作業\大二\Webp2026\env01\Lib\site-packages\sqlparse\engine\__init__.py first seen with mtime 1772629497.5219765
File C:\Users\yanzi\AppData\Local\Python\pythoncore-3.14-64\Lib\re\_parser.py first seen with mtime 1772607852.8753617
File C:\Users\yanzi\AppData\Local\Python\pythoncore-3.14-64\Lib\zoneinfo\_common.py first seen with mtime 1772607853.0368783
File C:\Users\yanzi\OneDrive\Desktop\作業\大二\Webp2026\env01\Lib\site-packages\django\db\backends\sqlite3\client.py first seen with mtime 1772629500.3383255
File C:\Users\yanzi\AppData\Local\Python\pythoncore-3.14-64\Lib\concurrent\__init__.py first seen with mtime 1772607852.731027
File C:\Users\yanzi\OneDrive\Desktop\作業\大二\Webp2026\env01\Lib\site-packages\django\db\models\enums.py first seen with mtime 1772629500.356568
File C:\Users\yanzi\OneDrive\Desktop\作業\大二\Webp2026\env01\Lib\site-packages\django\db\models\functions\window.py first seen with mtime 1772629500.3725226
File C:\Users\yanzi\OneDrive\Desktop\作業\大二\Webp2026\env01\Lib\site-packages\django\urls\base.py first seen with mtime 1772629500.481911
File C:\Users\yanzi\AppData\Local\Python\pythoncore-3.14-64\Lib\email\base64mime.py first seen with mtime 1772607852.7425668
File C:\Users\yanzi\OneDrive\Desktop\作業\大二\Webp2026\env01\Lib\site-packages\django\middleware\csrf.py first seen with mtime 1772629500.4406176
File C:\Users\yanzi\OneDrive\Desktop\作業\大二\Webp2026\env01\Lib\site-packages\django\utils\datastructures.py first seen with mtime 1772629500.4879398
File C:\Users\yanzi\AppData\Local\Python\pythoncore-3.14-64\Lib\hmac.py first seen with mtime 1772607852.6434062
File C:\Users\yanzi\OneDrive\Desktop\作業\大二\Webp2026\env01\Lib\site-packages\django\db\backends\base\creation.py first seen with mtime 1772629500.3166423
File C:\Users\yanzi\OneDrive\Desktop\作業\大二\Webp2026\env01\Lib\site-packages\django\db\models\query_utils.py first seen with mtime 1772629500.3595855
File C:\Users\yanzi\AppData\Local\Python\pythoncore-3.14-64\Lib\re\_casefix.py first seen with mtime 1772607852.8741066
File C:\Users\yanzi\OneDrive\Desktop\作業\大二\Webp2026\env01\Lib\site-packages\django\templatetags\__init__.py first seen with mtime 1772629500.4725235
File C:\Users\yanzi\OneDrive\Desktop\作業\大二\Webp2026\env01\Lib\site-packages\django\db\models\lookups.py first seen with mtime 1772629500.356568
File C:\Users\yanzi\OneDrive\Desktop\作業\大二\Webp2026\env01\Lib\site-packages\django\contrib\admin\exceptions.py first seen with mtime 1772629497.9296308
File C:\Users\yanzi\OneDrive\Desktop\作業\大二\Webp2026\env01\Lib\site-packages\django\views\__init__.py first seen with mtime 1772629500.5099103
File C:\Users\yanzi\OneDrive\Desktop\作業\大二\Webp2026\env01\Lib\site-packages\django\contrib\admin\decorators.py first seen with mtime 1772629497.9296308
File C:\Users\yanzi\OneDrive\Desktop\作業\大二\Webp2026\env01\Lib\site-packages\django\utils\version.py first seen with mtime 1772629500.5033245
File C:\Users\yanzi\OneDrive\Desktop\作業\大二\Webp2026\env01\Lib\site-packages\django\__init__.py first seen with mtime 1772629497.6479726
File C:\Users\yanzi\OneDrive\Desktop\作業\大二\Webp2026\env01\Lib\site-packages\django\core\mail\utils.py first seen with mtime 1772629500.2839632
File C:\Users\yanzi\OneDrive\Desktop\作業\大二\Webp2026\env01\Lib\site-packages\django\utils\connection.py first seen with mtime 1772629500.4879398
File C:\Users\yanzi\OneDrive\Desktop\作業\大二\Webp2026\env01\Lib\site-packages\django\db\models\fields\proxy.py first seen with mtime 1772629500.3657641
File C:\Users\yanzi\OneDrive\Desktop\作業\大二\Webp2026\env01\Lib\site-packages\django\http\cookie.py first seen with mtime 1772629500.4348435
File C:\Users\yanzi\AppData\Local\Python\pythoncore-3.14-64\Lib\pickle.py first seen with mtime 1772607852.6525269
File C:\Users\yanzi\OneDrive\Desktop\作業\大二\Webp2026\env01\Lib\site-packages\django\core\checks\security\csrf.py first seen with mtime 1772629500.2684238
File C:\Users\yanzi\AppData\Local\Python\pythoncore-3.14-64\Lib\http\__init__.py first seen with mtime 1772607852.8164084
File C:\Users\yanzi\AppData\Local\Python\pythoncore-3.14-64\Lib\http\client.py first seen with mtime 1772607852.8080842
File C:\Users\yanzi\OneDrive\Desktop\作業\大二\Webp2026\env01\Lib\site-packages\django\core\handlers\__init__.py first seen with mtime 1772629500.2799642
File C:\Users\yanzi\OneDrive\Desktop\作業\大二\Webp2026\env01\Lib\site-packages\django\contrib\messages\storage\__init__.py first seen with mtime 1772629499.5420337
File C:\Users\yanzi\AppData\Local\Python\pythoncore-3.14-64\Lib\zoneinfo\_tzpath.py first seen with mtime 1772607853.0368783
File C:\Users\yanzi\AppData\Local\Python\pythoncore-3.14-64\Lib\compression\_common\_streams.py first seen with mtime 1772607853.0513446
File C:\Users\yanzi\OneDrive\Desktop\作業\大二\Webp2026\env01\Lib\site-packages\django\contrib\admin\options.py first seen with mtime 1772629497.932696
File C:\Users\yanzi\AppData\Local\Python\pythoncore-3.14-64\Lib\inspect.py first seen with mtime 1772607852.6434062
File C:\Users\yanzi\AppData\Local\Python\pythoncore-3.14-64\Lib\gettext.py first seen with mtime 1772607852.639333
File C:\Users\yanzi\OneDrive\Desktop\作業\大二\Webp2026\env01\Lib\site-packages\django\db\migrations\operations\fields.py first seen with mtime 1772629500.3504622
File C:\Users\yanzi\OneDrive\Desktop\作業\大二\Webp2026\env01\Lib\site-packages\django\contrib\staticfiles\management\__init__.py first seen with mtime 1772629500.243958
File C:\Users\yanzi\AppData\Local\Python\pythoncore-3.14-64\Lib\multiprocessing\context.py first seen with mtime 1772607852.8605006
File C:\Users\yanzi\OneDrive\Desktop\作業\大二\Webp2026\env01\Lib\site-packages\django\contrib\auth\hashers.py first seen with mtime 1772629498.6261222
File C:\Users\yanzi\AppData\Local\Python\pythoncore-3.14-64\DLLs\_queue.pyd first seen with mtime 1772607852.5697355
File C:\Users\yanzi\AppData\Local\Python\pythoncore-3.14-64\Lib\pathlib\_os.py first seen with mtime 1772607852.8656754
File C:\Users\yanzi\OneDrive\Desktop\作業\大二\Webp2026\env01\Lib\site-packages\django\contrib\staticfiles\finders.py first seen with mtime 1772629500.2405694
File C:\Users\yanzi\OneDrive\Desktop\作業\大二\Webp2026\env01\Lib\site-packages\asgiref\sync.py first seen with mtime 1772629497.5870583
File C:\Users\yanzi\OneDrive\Desktop\作業\大二\Webp2026\env01\Lib\site-packages\django\contrib\auth\checks.py first seen with mtime 1772629498.6229634
File C:\Users\yanzi\OneDrive\Desktop\作業\大二\Webp2026\env01\Lib\site-packages\django\db\backends\sqlite3\features.py first seen with mtime 1772629500.341416
File C:\Users\yanzi\OneDrive\Desktop\作業\大二\Webp2026\env01\Lib\site-packages\django\utils\numberformat.py first seen with mtime 1772629500.5013201
File C:\Users\yanzi\OneDrive\Desktop\作業\大二\Webp2026\env01\Lib\site-packages\django\contrib\staticfiles\management\commands\runserver.py first seen with mtime 1772629500.246968
File C:\Users\yanzi\OneDrive\Desktop\作業\大二\Webp2026\env01\Lib\site-packages\django\db\models\aggregates.py first seen with mtime 1772629500.3534727
File C:\Users\yanzi\OneDrive\Desktop\作業\大二\Webp2026\env01\Lib\site-packages\django\template\engine.py first seen with mtime 1772629500.4587698
File C:\Users\yanzi\OneDrive\Desktop\作業\大二\Webp2026\env01\Lib\site-packages\django\core\files\utils.py first seen with mtime 1772629500.2749624
File C:\Users\yanzi\OneDrive\Desktop\作業\大二\Webp2026\env01\Lib\site-packages\django\contrib\admin\sites.py first seen with mtime 1772629497.932696
File C:\Users\yanzi\OneDrive\Desktop\作業\大二\Webp2026\env01\Lib\site-packages\django\core\cache\__init__.py first seen with mtime 1772629500.253152
File C:\Users\yanzi\OneDrive\Desktop\作業\大二\Webp2026\env01\Lib\site-packages\django\core\files\move.py first seen with mtime 1772629500.272964
File C:\Users\yanzi\OneDrive\Desktop\作業\大二\Webp2026\env01\Lib\site-packages\django\utils\asyncio.py first seen with mtime 1772629500.484925
File C:\Users\yanzi\AppData\Local\Python\pythoncore-3.14-64\Lib\contextlib.py first seen with mtime 1772607852.6267357
File C:\Users\yanzi\OneDrive\Desktop\作業\大二\Webp2026\env01\Lib\site-packages\django\db\models\indexes.py first seen with mtime 1772629500.356568
File C:\Users\yanzi\AppData\Local\Python\pythoncore-3.14-64\Lib\keyword.py first seen with mtime 1772607852.6434062
File C:\Users\yanzi\AppData\Local\Python\pythoncore-3.14-64\Lib\multiprocessing\process.py first seen with mtime 1772607852.8620143
File C:\Users\yanzi\OneDrive\Desktop\作業\大二\Webp2026\env01\Lib\site-packages\sqlparse\utils.py first seen with mtime 1772629497.5219765
File C:\Users\yanzi\AppData\Local\Python\pythoncore-3.14-64\DLLs\_sqlite3.pyd first seen with mtime 1772607852.5697355
File C:\Users\yanzi\OneDrive\Desktop\作業\大二\Webp2026\env01\Lib\site-packages\django\utils\timezone.py first seen with mtime 1772629500.5033245
File C:\Users\yanzi\OneDrive\Desktop\作業\大二\Webp2026\env01\Lib\site-packages\django\db\models\fields\tuple_lookups.py first seen with mtime 1772629500.368046
File C:\Users\yanzi\AppData\Local\Python\pythoncore-3.14-64\DLLs\_bz2.pyd first seen with mtime 1772607852.5615847
File C:\Users\yanzi\AppData\Local\Python\pythoncore-3.14-64\Lib\email\generator.py first seen with mtime 1772607852.7459655
File C:\Users\yanzi\OneDrive\Desktop\作業\大二\Webp2026\env01\Lib\site-packages\django\forms\widgets.py first seen with mtime 1772629500.3815806
File C:\Users\yanzi\OneDrive\Desktop\作業\大二\Webp2026\env01\Lib\site-packages\django\conf\__init__.py first seen with mtime 1772629497.6509876
File C:\Users\yanzi\AppData\Local\Python\pythoncore-3.14-64\Lib\re\_compiler.py first seen with mtime 1772607852.8741066
File C:\Users\yanzi\OneDrive\Desktop\作業\大二\Webp2026\env01\Lib\site-packages\django\db\backends\sqlite3\__init__.py first seen with mtime 1772629500.3383255
File C:\Users\yanzi\AppData\Local\Python\pythoncore-3.14-64\Lib\email\message.py first seen with mtime 1772607852.7499776
File C:\Users\yanzi\OneDrive\Desktop\作業\大二\Webp2026\env01\Lib\site-packages\django\core\cache\utils.py first seen with mtime 1772629500.253152
File C:\Users\yanzi\AppData\Local\Python\pythoncore-3.14-64\Lib\socketserver.py first seen with mtime 1772607852.6692317
File C:\Users\yanzi\OneDrive\Desktop\作業\大二\Webp2026\env01\Lib\site-packages\sqlparse\keywords.py first seen with mtime 1772629497.5179107
File C:\Users\yanzi\AppData\Local\Python\pythoncore-3.14-64\Lib\asyncio\futures.py first seen with mtime 1772607852.7155423
File C:\Users\yanzi\OneDrive\Desktop\作業\大二\Webp2026\env01\Lib\site-packages\django\http\__init__.py first seen with mtime 1772629500.4348435
File C:\Users\yanzi\OneDrive\Desktop\作業\大二\Webp2026\env01\Lib\site-packages\django\template\loaders\__init__.py first seen with mtime 1772629500.4663217
File C:\Users\yanzi\AppData\Local\Python\pythoncore-3.14-64\Lib\email\_parseaddr.py first seen with mtime 1772607852.7530046
File C:\Users\yanzi\AppData\Local\Python\pythoncore-3.14-64\Lib\json\decoder.py first seen with mtime 1772607852.8503766
File C:\Users\yanzi\AppData\Local\Python\pythoncore-3.14-64\Lib\html\parser.py first seen with mtime 1772607852.8080842
File C:\Users\yanzi\AppData\Local\Python\pythoncore-3.14-64\DLLs\_wmi.pyd first seen with mtime 1772607852.5697355
File C:\Users\yanzi\AppData\Local\Python\pythoncore-3.14-64\Lib\asyncio\constants.py first seen with mtime 1772607852.7132394
File C:\Users\yanzi\OneDrive\Desktop\作業\大二\Webp2026\env01\Lib\site-packages\django\db\models\fields\__init__.py first seen with mtime 1772629500.362597
File C:\Users\yanzi\OneDrive\Desktop\作業\大二\Webp2026\env01\Lib\site-packages\django\core\files\__init__.py first seen with mtime 1772629500.2684238
File C:\Users\yanzi\OneDrive\Desktop\作業\大二\Webp2026\env01\Lib\site-packages\django\db\utils.py first seen with mtime 1772629500.310301
File C:\Users\yanzi\OneDrive\Desktop\作業\大二\Webp2026\env01\Lib\site-packages\django\db\models\sql\query.py first seen with mtime 1772629500.3725226
File C:\Users\yanzi\AppData\Local\Python\pythoncore-3.14-64\Lib\asyncio\log.py first seen with mtime 1772607852.7172928
File C:\Users\yanzi\OneDrive\Desktop\作業\大二\Webp2026\env01\Lib\site-packages\django\contrib\auth\models.py first seen with mtime 1772629498.6275785
File C:\Users\yanzi\OneDrive\Desktop\作業\大二\Webp2026\env01\Lib\site-packages\django\core\checks\translation.py first seen with mtime 1772629500.265009
File C:\Users\yanzi\OneDrive\Desktop\作業\大二\Webp2026\env01\Lib\site-packages\django\utils\timesince.py first seen with mtime 1772629500.5033245
File C:\Users\yanzi\AppData\Local\Python\pythoncore-3.14-64\Lib\email\mime\text.py first seen with mtime 1772607853.0618372
File C:\Users\yanzi\AppData\Local\Python\pythoncore-3.14-64\Lib\html\entities.py first seen with mtime 1772607852.8080842
File C:\Users\yanzi\OneDrive\Desktop\作業\大二\Webp2026\env01\Lib\site-packages\django\template\loaders\filesystem.py first seen with mtime 1772629500.469369
File C:\Users\yanzi\AppData\Local\Python\pythoncore-3.14-64\Lib\contextvars.py first seen with mtime 1772607852.6267357
File C:\Users\yanzi\AppData\Local\Python\pythoncore-3.14-64\Lib\asyncio\locks.py first seen with mtime 1772607852.7155423
File C:\Users\yanzi\AppData\Local\Python\pythoncore-3.14-64\Lib\json\encoder.py first seen with mtime 1772607852.8503766
File C:\Users\yanzi\AppData\Local\Python\pythoncore-3.14-64\Lib\email\mime\message.py first seen with mtime 1772607853.0618372
File C:\Users\yanzi\OneDrive\Desktop\作業\大二\Webp2026\env01\Lib\site-packages\django\views\generic\detail.py first seen with mtime 1772629500.5215166
File C:\Users\yanzi\OneDrive\Desktop\作業\大二\Webp2026\env01\Lib\site-packages\django\contrib\sites\__init__.py first seen with mtime 1772629500.0646152
File C:\Users\yanzi\OneDrive\Desktop\作業\大二\Webp2026\env01\Lib\site-packages\django\contrib\auth\base_user.py first seen with mtime 1772629498.6229634
File C:\Users\yanzi\OneDrive\Desktop\作業\大二\Webp2026\env01\Lib\site-packages\django\utils\deprecation.py first seen with mtime 1772629500.4941962
File C:\Users\yanzi\OneDrive\Desktop\作業\大二\Webp2026\env01\Lib\site-packages\django\views\debug.py first seen with mtime 1772629500.5099103
File C:\Users\yanzi\OneDrive\Desktop\作業\大二\Webp2026\env01\Lib\site-packages\django\views\generic\list.py first seen with mtime 1772629500.5215166
File C:\Users\yanzi\AppData\Local\Python\pythoncore-3.14-64\Lib\functools.py first seen with mtime 1772607852.6352315
File C:\Users\yanzi\OneDrive\Desktop\作業\大二\Webp2026\env01\Lib\site-packages\django\core\files\locks.py first seen with mtime 1772629500.2719553
File C:\Users\yanzi\OneDrive\Desktop\作業\大二\Webp2026\env01\Lib\site-packages\django\urls\__init__.py first seen with mtime 1772629500.478898
File C:\Users\yanzi\OneDrive\Desktop\作業\大二\Webp2026\env01\Lib\site-packages\django\utils\functional.py first seen with mtime 1772629500.4972134
File C:\Users\yanzi\OneDrive\Desktop\作業\大二\Webp2026\env01\Lib\site-packages\django\urls\exceptions.py first seen with mtime 1772629500.481911
File C:\Users\yanzi\AppData\Local\Python\pythoncore-3.14-64\Lib\_opcode_metadata.py first seen with mtime 1772607852.7007878
File C:\Users\yanzi\OneDrive\Desktop\作業\大二\Webp2026\ex0\ex0\settings.py first seen with mtime 1772629763.133648
File C:\Users\yanzi\OneDrive\Desktop\作業\大二\Webp2026\env01\Lib\site-packages\django\contrib\admin\checks.py first seen with mtime 1772629497.9265819
File C:\Users\yanzi\AppData\Local\Python\pythoncore-3.14-64\Lib\concurrent\futures\thread.py first seen with mtime 1772607853.0513446
File C:\Users\yanzi\OneDrive\Desktop\作業\大二\Webp2026\env01\Lib\site-packages\django\contrib\auth\middleware.py first seen with mtime 1772629498.6261222
File C:\Users\yanzi\AppData\Local\Python\pythoncore-3.14-64\Lib\wsgiref\headers.py first seen with mtime 1772607853.0312042
File C:\Users\yanzi\AppData\Local\Python\pythoncore-3.14-64\Lib\pprint.py first seen with mtime 1772607852.6601207
File C:\Users\yanzi\OneDrive\Desktop\作業\大二\Webp2026\env01\Lib\site-packages\django\contrib\staticfiles\__init__.py first seen with mtime 1772629500.2395644
File C:\Users\yanzi\AppData\Local\Python\pythoncore-3.14-64\Lib\email\policy.py first seen with mtime 1772607852.7499776
File C:\Users\yanzi\AppData\Local\Python\pythoncore-3.14-64\Lib\copyreg.py first seen with mtime 1772607852.6267357
File C:\Users\yanzi\OneDrive\Desktop\作業\大二\Webp2026\env01\Lib\site-packages\django\db\models\fields\reverse_related.py first seen with mtime 1772629500.368046
File C:\Users\yanzi\AppData\Local\Python\pythoncore-3.14-64\Lib\getpass.py first seen with mtime 1772607852.639333
File C:\Users\yanzi\AppData\Local\Python\pythoncore-3.14-64\Lib\dataclasses.py first seen with mtime 1772607852.6299372
File C:\Users\yanzi\OneDrive\Desktop\作業\大二\Webp2026\env01\Lib\site-packages\django\contrib\admin\apps.py first seen with mtime 1772629497.9265819
File C:\Users\yanzi\OneDrive\Desktop\作業\大二\Webp2026\env01\Lib\site-packages\django\core\checks\messages.py first seen with mtime 1772629500.2621963
File C:\Users\yanzi\AppData\Local\Python\pythoncore-3.14-64\Lib\asyncio\tasks.py first seen with mtime 1772607852.7245364
File C:\Users\yanzi\AppData\Local\Python\pythoncore-3.14-64\Lib\warnings.py first seen with mtime 1772607852.6842813
File C:\Users\yanzi\AppData\Local\Python\pythoncore-3.14-64\Lib\secrets.py first seen with mtime 1772607852.6692317
File C:\Users\yanzi\OneDrive\Desktop\作業\大二\Webp2026\env01\Lib\site-packages\django\views\generic\__init__.py first seen with mtime 1772629500.5184503
File C:\Users\yanzi\OneDrive\Desktop\作業\大二\Webp2026\env01\Lib\site-packages\django\db\models\functions\datetime.py first seen with mtime 1772629500.3690517
File C:\Users\yanzi\AppData\Local\Python\pythoncore-3.14-64\Lib\ipaddress.py first seen with mtime 1772607852.6434062
File C:\Users\yanzi\OneDrive\Desktop\作業\大二\Webp2026\env01\Lib\site-packages\django\contrib\sites\requests.py first seen with mtime 1772629500.0679934
File C:\Users\yanzi\OneDrive\Desktop\作業\大二\Webp2026\env01\Lib\site-packages\django\contrib\admin\templatetags\admin_list.py first seen with mtime 1772629498.3779483
File C:\Users\yanzi\OneDrive\Desktop\作業\大二\Webp2026\env01\Lib\site-packages\django\db\models\utils.py first seen with mtime 1772629500.3595855
File C:\Users\yanzi\AppData\Local\Python\pythoncore-3.14-64\Lib\encodings\__init__.py first seen with mtime 1772607852.8080842
File C:\Users\yanzi\OneDrive\Desktop\作業\大二\Webp2026\env01\Lib\site-packages\django\conf\global_settings.py first seen with mtime 1772629497.6509876
File C:\Users\yanzi\OneDrive\Desktop\作業\大二\Webp2026\env01\Lib\site-packages\django\views\defaults.py first seen with mtime 1772629500.5099103
File C:\Users\yanzi\OneDrive\Desktop\作業\大二\Webp2026\env01\Lib\site-packages\django\utils\inspect.py first seen with mtime 1772629500.4972134
File C:\Users\yanzi\OneDrive\Desktop\作業\大二\Webp2026\env01\Lib\site-packages\django\middleware\cache.py first seen with mtime 1772629500.4386275
File C:\Users\yanzi\AppData\Local\Python\pythoncore-3.14-64\Lib\subprocess.py first seen with mtime 1772607852.6782296
File C:\Users\yanzi\OneDrive\Desktop\作業\大二\Webp2026\env01\Lib\site-packages\django\template\context.py first seen with mtime 1772629500.4557693
File C:\Users\yanzi\AppData\Local\Python\pythoncore-3.14-64\DLLs\_overlapped.pyd first seen with mtime 1772607852.5697355
File C:\Users\yanzi\OneDrive\Desktop\作業\大二\Webp2026\env01\Lib\site-packages\django\db\__init__.py first seen with mtime 1772629500.310301
File C:\Users\yanzi\OneDrive\Desktop\作業\大二\Webp2026\env01\Lib\site-packages\django\apps\registry.py first seen with mtime 1772629497.6499906
File C:\Users\yanzi\AppData\Local\Python\pythoncore-3.14-64\Lib\compression\__init__.py first seen with mtime 1772607852.731027
File C:\Users\yanzi\OneDrive\Desktop\作業\大二\Webp2026\env01\Lib\site-packages\django\contrib\auth\signals.py first seen with mtime 1772629498.6287067
File C:\Users\yanzi\OneDrive\Desktop\作業\大二\Webp2026\env01\Lib\site-packages\django\db\backends\utils.py first seen with mtime 1772629500.3133116
File C:\Users\yanzi\OneDrive\Desktop\作業\大二\Webp2026\env01\Lib\site-packages\django\urls\conf.py first seen with mtime 1772629500.481911
File C:\Users\yanzi\OneDrive\Desktop\作業\大二\Webp2026\env01\Lib\site-packages\django\db\backends\base\__init__.py first seen with mtime 1772629500.3133116
File C:\Users\yanzi\OneDrive\Desktop\作業\大二\Webp2026\env01\Lib\site-packages\django\core\checks\security\base.py first seen with mtime 1772629500.2684238
File C:\Users\yanzi\OneDrive\Desktop\作業\大二\Webp2026\env01\Lib\site-packages\django\db\backends\ddl_references.py first seen with mtime 1772629500.3133116
File C:\Users\yanzi\OneDrive\Desktop\作業\大二\Webp2026\env01\Lib\site-packages\django\template\library.py first seen with mtime 1772629500.46084
File C:\Users\yanzi\OneDrive\Desktop\作業\大二\Webp2026\env01\Lib\site-packages\django\db\models\sql\constants.py first seen with mtime 1772629500.3725226
File C:\Users\yanzi\OneDrive\Desktop\作業\大二\Webp2026\env01\Lib\site-packages\django\template\loaders\cached.py first seen with mtime 1772629500.469369
File C:\Users\yanzi\OneDrive\Desktop\作業\大二\Webp2026\env01\Lib\site-packages\django\utils\regex_helper.py first seen with mtime 1772629500.5013201
File C:\Users\yanzi\OneDrive\Desktop\作業\大二\Webp2026\env01\Lib\site-packages\django\utils\termcolors.py first seen with mtime 1772629500.5033245
File C:\Users\yanzi\AppData\Local\Python\pythoncore-3.14-64\Lib\html\__init__.py first seen with mtime 1772607852.8080842
File C:\Users\yanzi\AppData\Local\Python\pythoncore-3.14-64\DLLs\_decimal.pyd first seen with mtime 1772607852.5615847
File C:\Users\yanzi\OneDrive\Desktop\作業\大二\Webp2026\env01\Lib\site-packages\django\db\models\constraints.py first seen with mtime 1772629500.3534727
File C:\Users\yanzi\AppData\Local\Python\pythoncore-3.14-64\Lib\email\charset.py first seen with mtime 1772607852.7425668
File C:\Users\yanzi\OneDrive\Desktop\作業\大二\Webp2026\env01\Lib\site-packages\django\db\models\deletion.py first seen with mtime 1772629500.3534727
File C:\Users\yanzi\AppData\Local\Python\pythoncore-3.14-64\Lib\dis.py first seen with mtime 1772607852.6299372
File C:\Users\yanzi\OneDrive\Desktop\作業\大二\Webp2026\env01\Lib\site-packages\django\core\management\color.py first seen with mtime 1772629500.2890108
File C:\Users\yanzi\OneDrive\Desktop\作業\大二\Webp2026\env01\Lib\site-packages\django\template\defaulttags.py first seen with mtime 1772629500.4587698
File C:\Users\yanzi\OneDrive\Desktop\作業\大二\Webp2026\env01\Lib\site-packages\django\utils\hashable.py first seen with mtime 1772629500.4972134
File C:\Users\yanzi\AppData\Local\Python\pythoncore-3.14-64\Lib\urllib\__init__.py first seen with mtime 1772607853.0283785
File C:\Users\yanzi\OneDrive\Desktop\作業\大二\Webp2026\env01\Lib\site-packages\django\conf\urls\__init__.py first seen with mtime 1772629497.9235196
File C:\Users\yanzi\OneDrive\Desktop\作業\大二\Webp2026\env01\Lib\site-packages\django\utils\tree.py first seen with mtime 1772629500.5033245
File C:\Users\yanzi\OneDrive\Desktop\作業\大二\Webp2026\env01\Lib\site-packages\django\contrib\staticfiles\management\commands\__init__.py first seen with mtime 1772629500.243958
File C:\Users\yanzi\OneDrive\Desktop\作業\大二\Webp2026\env01\Lib\site-packages\django\db\models\fields\related.py first seen with mtime 1772629500.3657641
File C:\Users\yanzi\AppData\Local\Python\pythoncore-3.14-64\DLLs\_ssl.pyd first seen with mtime 1772607852.5697355
File C:\Users\yanzi\AppData\Local\Python\pythoncore-3.14-64\Lib\mimetypes.py first seen with mtime 1772607852.6434062
File C:\Users\yanzi\AppData\Local\Python\pythoncore-3.14-64\Lib\urllib\error.py first seen with mtime 1772607853.026374
File C:\Users\yanzi\AppData\Local\Python\pythoncore-3.14-64\Lib\asyncio\base_events.py first seen with mtime 1772607852.7090423
File C:\Users\yanzi\OneDrive\Desktop\作業\大二\Webp2026\env01\Lib\site-packages\django\core\files\uploadhandler.py first seen with mtime 1772629500.2749624
File C:\Users\yanzi\AppData\Local\Python\pythoncore-3.14-64\Lib\platform.py first seen with mtime 1772607852.6525269
File C:\Users\yanzi\OneDrive\Desktop\作業\大二\Webp2026\env01\Lib\site-packages\django\db\backends\sqlite3\_functions.py first seen with mtime 1772629500.3383255
File C:\Users\yanzi\OneDrive\Desktop\作業\大二\Webp2026\env01\Lib\site-packages\django\template\response.py first seen with mtime 1772629500.463029
File C:\Users\yanzi\OneDrive\Desktop\作業\大二\Webp2026\env01\Lib\site-packages\django\core\checks\__init__.py first seen with mtime 1772629500.2591796
File C:\Users\yanzi\OneDrive\Desktop\作業\大二\Webp2026\env01\Lib\site-packages\django\utils\translation\__init__.py first seen with mtime 1772629500.5068083
File C:\Users\yanzi\OneDrive\Desktop\作業\大二\Webp2026\env01\Lib\site-packages\django\contrib\admin\actions.py first seen with mtime 1772629497.9265819
File C:\Users\yanzi\OneDrive\Desktop\作業\大二\Webp2026\env01\Lib\site-packages\django\apps\__init__.py first seen with mtime 1772629497.6489832
File C:\Users\yanzi\AppData\Local\Python\pythoncore-3.14-64\Lib\fnmatch.py first seen with mtime 1772607852.6352315
File C:\Users\yanzi\AppData\Local\Python\pythoncore-3.14-64\Lib\sqlite3\__init__.py first seen with mtime 1772607853.002263
File C:\Users\yanzi\OneDrive\Desktop\作業\大二\Webp2026\env01\Lib\site-packages\django\core\checks\compatibility\django_4_0.py first seen with mtime 1772629500.265834
File C:\Users\yanzi\AppData\Local\Python\pythoncore-3.14-64\Lib\concurrent\futures\_base.py first seen with mtime 1772607853.0513446
File C:\Users\yanzi\AppData\Local\Python\pythoncore-3.14-64\Lib\calendar.py first seen with mtime 1772607852.6184626
File C:\Users\yanzi\OneDrive\Desktop\作業\大二\Webp2026\env01\Lib\site-packages\django\db\models\sql\where.py first seen with mtime 1772629500.375538
File C:\Users\yanzi\OneDrive\Desktop\作業\大二\Webp2026\env01\Lib\site-packages\sqlparse\lexer.py first seen with mtime 1772629497.5179107
File C:\Users\yanzi\AppData\Local\Python\pythoncore-3.14-64\Lib\asyncio\base_futures.py first seen with mtime 1772607852.7090423
File C:\Users\yanzi\OneDrive\Desktop\作業\大二\Webp2026\env01\Lib\site-packages\django\templatetags\tz.py first seen with mtime 1772629500.4725235
File C:\Users\yanzi\OneDrive\Desktop\作業\大二\Webp2026\env01\Lib\site-packages\django\contrib\auth\management\__init__.py first seen with mtime 1772629498.7995584
File C:\Users\yanzi\OneDrive\Desktop\作業\大二\Webp2026\env01\Lib\site-packages\django\http\request.py first seen with mtime 1772629500.4348435
File C:\Users\yanzi\OneDrive\Desktop\作業\大二\Webp2026\ex0\ex0\urls.py first seen with mtime 1772629532.9743106
File C:\Users\yanzi\OneDrive\Desktop\作業\大二\Webp2026\env01\Lib\site-packages\sqlparse\engine\grouping.py first seen with mtime 1772629497.5229862
File C:\Users\yanzi\OneDrive\Desktop\作業\大二\Webp2026\env01\Lib\site-packages\sqlparse\filters\aligned_indent.py first seen with mtime 1772629497.5249832
File C:\Users\yanzi\OneDrive\Desktop\作業\大二\Webp2026\env01\Lib\site-packages\django\core\checks\templates.py first seen with mtime 1772629500.2635694
File C:\Users\yanzi\AppData\Local\Python\pythoncore-3.14-64\Lib\opcode.py first seen with mtime 1772607852.6525269
File C:\Users\yanzi\AppData\Local\Python\pythoncore-3.14-64\Lib\logging\__init__.py first seen with mtime 1772607852.857439
File C:\Users\yanzi\OneDrive\Desktop\作業\大二\Webp2026\env01\Lib\site-packages\django\db\models\functions\json.py first seen with mtime 1772629500.3690517
File C:\Users\yanzi\OneDrive\Desktop\作業\大二\Webp2026\env01\Lib\site-packages\django\core\checks\security\sessions.py first seen with mtime 1772629500.2684238
File C:\Users\yanzi\OneDrive\Desktop\作業\大二\Webp2026\env01\Lib\site-packages\django\db\backends\signals.py first seen with mtime 1772629500.3133116
File C:\Users\yanzi\OneDrive\Desktop\作業\大二\Webp2026\env01\Lib\site-packages\django\contrib\sessions\backends\db.py first seen with mtime 1772629499.8920994
File C:\Users\yanzi\OneDrive\Desktop\作業\大二\Webp2026\env01\Lib\site-packages\django\contrib\auth\migrations\0008_alter_user_username_max_length.py first seen with mtime 1772629498.8072958
File C:\Users\yanzi\OneDrive\Desktop\作業\大二\Webp2026\env01\Lib\site-packages\django\contrib\auth\migrations\0010_alter_group_name_max_length.py first seen with mtime 1772629498.8083787
File C:\Users\yanzi\OneDrive\Desktop\作業\大二\Webp2026\env01\Lib\site-packages\django\contrib\auth\migrations\0004_alter_user_username_opts.py first seen with mtime 1772629498.8060465
File C:\Users\yanzi\OneDrive\Desktop\作業\大二\Webp2026\env01\Lib\site-packages\django\middleware\clickjacking.py first seen with mtime 1772629500.4386275
File C:\Users\yanzi\OneDrive\Desktop\作業\大二\Webp2026\env01\Lib\site-packages\django\db\migrations\autodetector.py first seen with mtime 1772629500.3444319
File C:\Users\yanzi\OneDrive\Desktop\作業\大二\Webp2026\env01\Lib\site-packages\django\contrib\auth\migrations\0006_require_contenttypes_0002.py first seen with mtime 1772629498.8072958
File C:\Users\yanzi\OneDrive\Desktop\作業\大二\Webp2026\env01\Lib\site-packages\django\contrib\auth\migrations\0002_alter_permission_name_max_length.py first seen with mtime 1772629498.8049378
File C:\Users\yanzi\OneDrive\Desktop\作業\大二\Webp2026\env01\Lib\site-packages\django\contrib\auth\migrations\0011_update_proxy_permissions.py first seen with mtime 1772629498.8093922
File C:\Users\yanzi\OneDrive\Desktop\作業\大二\Webp2026\env01\Lib\site-packages\django\contrib\sessions\migrations\0001_initial.py first seen with mtime 1772629500.058242
File C:\Users\yanzi\OneDrive\Desktop\作業\大二\Webp2026\env01\Lib\site-packages\django\contrib\auth\migrations\__init__.py first seen with mtime 1772629498.810535
File C:\Users\yanzi\OneDrive\Desktop\作業\大二\Webp2026\env01\Lib\site-packages\django\db\migrations\optimizer.py first seen with mtime 1772629500.3474486
File C:\Users\yanzi\OneDrive\Desktop\作業\大二\Webp2026\env01\Lib\site-packages\django\contrib\auth\migrations\0001_initial.py first seen with mtime 1772629498.8049378
File C:\Users\yanzi\AppData\Local\Python\pythoncore-3.14-64\Lib\stringprep.py first seen with mtime 1772607852.6782296
File C:\Users\yanzi\OneDrive\Desktop\作業\大二\Webp2026\env01\Lib\site-packages\django\contrib\admin\migrations\0001_initial.py first seen with mtime 1772629498.2427614
File C:\Users\yanzi\OneDrive\Desktop\作業\大二\Webp2026\env01\Lib\site-packages\django\db\migrations\graph.py first seen with mtime 1772629500.3444319
File C:\Users\yanzi\OneDrive\Desktop\作業\大二\Webp2026\env01\Lib\site-packages\django\core\management\sql.py first seen with mtime 1772629500.2890108
File C:\Users\yanzi\OneDrive\Desktop\作業\大二\Webp2026\env01\Lib\site-packages\django\core\management\commands\makemigrations.py first seen with mtime 1772629500.2981448
File C:\Users\yanzi\OneDrive\Desktop\作業\大二\Webp2026\env01\Lib\site-packages\django\contrib\auth\migrations\0007_alter_validators_add_error_messages.py first seen with mtime 1772629498.8072958
File C:\Users\yanzi\AppData\Local\Python\pythoncore-3.14-64\Lib\encodings\idna.py first seen with mtime 1772607852.7754278
File C:\Users\yanzi\OneDrive\Desktop\作業\大二\Webp2026\env01\Lib\site-packages\django\middleware\common.py first seen with mtime 1772629500.4393551
File C:\Users\yanzi\OneDrive\Desktop\作業\大二\Webp2026\env01\Lib\site-packages\django\db\migrations\writer.py first seen with mtime 1772629500.3504622
File C:\Users\yanzi\OneDrive\Desktop\作業\大二\Webp2026\env01\Lib\site-packages\django\contrib\messages\middleware.py first seen with mtime 1772629499.5390213
File C:\Users\yanzi\OneDrive\Desktop\作業\大二\Webp2026\env01\Lib\site-packages\django\db\migrations\serializer.py first seen with mtime 1772629500.3474486
File C:\Users\yanzi\OneDrive\Desktop\作業\大二\Webp2026\env01\Lib\site-packages\django\contrib\auth\backends.py first seen with mtime 1772629498.6229634
File C:\Users\yanzi\OneDrive\Desktop\作業\大二\Webp2026\env01\Lib\site-packages\django\contrib\sessions\middleware.py first seen with mtime 1772629499.888013
File C:\Users\yanzi\OneDrive\Desktop\作業\大二\Webp2026\env01\Lib\site-packages\django\views\csrf.py first seen with mtime 1772629500.5099103
File C:\Users\yanzi\OneDrive\Desktop\作業\大二\Webp2026\env01\Lib\site-packages\django\contrib\sessions\backends\base.py first seen with mtime 1772629499.891062
File C:\Users\yanzi\OneDrive\Desktop\作業\大二\Webp2026\env01\Lib\site-packages\django\contrib\contenttypes\migrations\__init__.py first seen with mtime 1772629498.9773972
File C:\Users\yanzi\OneDrive\Desktop\作業\大二\Webp2026\env01\Lib\site-packages\django\middleware\security.py first seen with mtime 1772629500.442133
File C:\Users\yanzi\OneDrive\Desktop\作業\大二\Webp2026\env01\Lib\site-packages\django\db\migrations\loader.py first seen with mtime 1772629500.3444319
File C:\Users\yanzi\OneDrive\Desktop\作業\大二\Webp2026\env01\Lib\site-packages\django\contrib\auth\migrations\0005_alter_user_last_login_null.py first seen with mtime 1772629498.8060465
File C:\Users\yanzi\OneDrive\Desktop\作業\大二\Webp2026\env01\Lib\site-packages\django\contrib\auth\migrations\0012_alter_user_first_name_max_length.py first seen with mtime 1772629498.8093922
File C:\Users\yanzi\OneDrive\Desktop\作業\大二\Webp2026\env01\Lib\site-packages\django\db\migrations\recorder.py first seen with mtime 1772629500.3474486
File C:\Users\yanzi\OneDrive\Desktop\作業\大二\Webp2026\env01\Lib\site-packages\django\contrib\admin\migrations\0002_logentry_remove_auto_add.py first seen with mtime 1772629498.2427614
File C:\Users\yanzi\OneDrive\Desktop\作業\大二\Webp2026\env01\Lib\site-packages\django\contrib\auth\views.py first seen with mtime 1772629498.6308136
File C:\Users\yanzi\OneDrive\Desktop\作業\大二\Webp2026\env01\Lib\site-packages\django\core\management\commands\migrate.py first seen with mtime 1772629500.2981448
File C:\Users\yanzi\OneDrive\Desktop\作業\大二\Webp2026\env01\Lib\site-packages\django\contrib\sessions\backends\__init__.py first seen with mtime 1772629499.888013
File C:\Users\yanzi\OneDrive\Desktop\作業\大二\Webp2026\env01\Lib\site-packages\django\contrib\auth\migrations\0009_alter_user_last_name_max_length.py first seen with mtime 1772629498.8083787
File C:\Users\yanzi\OneDrive\Desktop\作業\大二\Webp2026\env01\Lib\site-packages\django\contrib\auth\migrations\0003_alter_user_email_max_length.py first seen with mtime 1772629498.8049378
File C:\Users\yanzi\OneDrive\Desktop\作業\大二\Webp2026\env01\Lib\site-packages\django\contrib\sessions\exceptions.py first seen with mtime 1772629499.888013
File C:\Users\yanzi\OneDrive\Desktop\作業\大二\Webp2026\env01\Lib\site-packages\django\contrib\admin\migrations\__init__.py first seen with mtime 1772629498.2457867
File C:\Users\yanzi\OneDrive\Desktop\作業\大二\Webp2026\env01\Lib\site-packages\django\core\management\utils.py first seen with mtime 1772629500.2920258
File C:\Users\yanzi\OneDrive\Desktop\作業\大二\Webp2026\env01\Lib\site-packages\django\core\cache\backends\locmem.py first seen with mtime 1772629500.2561646
File C:\Users\yanzi\OneDrive\Desktop\作業\大二\Webp2026\env01\Lib\site-packages\django\db\migrations\questioner.py first seen with mtime 1772629500.3474486
File C:\Users\yanzi\OneDrive\Desktop\作業\大二\Webp2026\ex0\ex0\wsgi.py first seen with mtime 1772629532.9763165
File C:\Users\yanzi\OneDrive\Desktop\作業\大二\Webp2026\env01\Lib\site-packages\django\contrib\contenttypes\migrations\0001_initial.py first seen with mtime 1772629498.9773972
File C:\Users\yanzi\OneDrive\Desktop\作業\大二\Webp2026\env01\Lib\site-packages\django\contrib\contenttypes\migrations\0002_remove_content_type_name.py first seen with mtime 1772629498.9773972
File C:\Users\yanzi\OneDrive\Desktop\作業\大二\Webp2026\env01\Lib\site-packages\django\contrib\sessions\migrations\__init__.py first seen with mtime 1772629500.0612695
File C:\Users\yanzi\OneDrive\Desktop\作業\大二\Webp2026\env01\Lib\site-packages\django\db\migrations\executor.py first seen with mtime 1772629500.3444319
File C:\Users\yanzi\OneDrive\Desktop\作業\大二\Webp2026\env01\Lib\site-packages\django\contrib\admin\migrations\0003_logentry_add_action_flag_choices.py first seen with mtime 1772629498.2457867
